0 verbose cli C:\Program Files\nodejs\node.exe C:\Program Files\nodejs\node_modules\npm\bin\npm-cli.js
1 info using npm@10.9.2
2 info using node@v22.14.0
3 silly config load:file:C:\Program Files\nodejs\node_modules\npm\npmrc
4 silly config load:file:C:\Users\sarth\Desktop\minor project\lifelink-platform\.npmrc
5 silly config load:file:C:\Users\sarth\.npmrc
6 silly config load:file:C:\Users\sarth\AppData\Roaming\npm\etc\npmrc
7 verbose title npm ci
8 verbose argv "ci" "--cache" "C:\\Users\\sarth\\Desktop\\minor project\\.npm-cache"
9 verbose logfile logs-max:10 dir:C:\Users\sarth\Desktop\minor project\.npm-cache\_logs\2026-10-04T20_19_43_744Z-
10 verbose logfile C:\Users\sarth\Desktop\minor project\.npm-cache\_logs\2026-10-04T20_19_43_744Z-debug-0.log
11 silly logfile done cleaning log files
12 silly packumentCache heap:4345298944 maxSize:1086324736 maxEntrySize:543162368
13 http fetch GET https://registry.npmjs.org/npm attempt 1 failed with EACCES
14 silly idealTree buildDeps
15 silly reify moves {}
16 silly audit bulk request {
16 silly audit   '@emnapi/runtime': [ '1.11.3' ],
16 silly audit   '@esbuild/aix-ppc64': [ '0.28.2' ],
16 silly audit   '@esbuild/android-arm': [ '0.28.2' ],
16 silly audit   '@esbuild/android-arm64': [ '0.28.2' ],
16 silly audit   '@esbuild/android-x64': [ '0.28.2' ],
16 silly audit   '@esbuild/darwin-arm64': [ '0.28.2' ],
16 silly audit   '@esbuild/darwin-x64': [ '0.28.2' ],
16 silly audit   '@esbuild/freebsd-arm64': [ '0.28.2' ],
16 silly audit   '@esbuild/freebsd-x64': [ '0.28.2' ],
16 silly audit   '@esbuild/linux-arm': [ '0.28.2' ],
16 silly audit   '@esbuild/linux-arm64': [ '0.28.2' ],
16 silly audit   '@esbuild/linux-ia32': [ '0.28.2' ],
16 silly audit   '@esbuild/linux-loong64': [ '0.28.2' ],
16 silly audit   '@esbuild/linux-mips64el': [ '0.28.2' ],
16 silly audit   '@esbuild/linux-ppc64': [ '0.28.2' ],
16 silly audit   '@esbuild/linux-riscv64': [ '0.28.2' ],
16 silly audit   '@esbuild/linux-s390x': [ '0.28.2' ],
16 silly audit   '@esbuild/linux-x64': [ '0.28.2' ],
16 silly audit   '@esbuild/netbsd-arm64': [ '0.28.2' ],
16 silly audit   '@esbuild/netbsd-x64': [ '0.28.2' ],
16 silly audit   '@esbuild/openbsd-arm64': [ '0.28.2' ],
16 silly audit   '@esbuild/openbsd-x64': [ '0.28.2' ],
16 silly audit   '@esbuild/openharmony-arm64': [ '0.28.2' ],
16 silly audit   '@esbuild/sunos-x64': [ '0.28.2' ],
16 silly audit   '@esbuild/win32-arm64': [ '0.28.2' ],
16 silly audit   '@esbuild/win32-ia32': [ '0.28.2' ],
16 silly audit   '@esbuild/win32-x64': [ '0.28.2' ],
16 silly audit   '@google/generative-ai': [ '0.21.0' ],
16 silly audit   '@img/colour': [ '1.1.0' ],
16 silly audit   '@img/sharp-darwin-arm64': [ '0.35.5' ],
16 silly audit   '@img/sharp-darwin-x64': [ '0.35.5' ],
16 silly audit   '@img/sharp-freebsd-wasm32': [ '0.35.5' ],
16 silly audit   '@img/sharp-libvips-darwin-arm64': [ '1.3.4' ],
16 silly audit   '@img/sharp-libvips-darwin-x64': [ '1.3.4' ],
16 silly audit   '@img/sharp-libvips-linux-arm': [ '1.3.4' ],
16 silly audit   '@img/sharp-libvips-linux-arm64': [ '1.3.4' ],
16 silly audit   '@img/sharp-libvips-linux-ppc64': [ '1.3.4' ],
16 silly audit   '@img/sharp-libvips-linux-riscv64': [ '1.3.4' ],
16 silly audit   '@img/sharp-libvips-linux-s390x': [ '1.3.4' ],
16 silly audit   '@img/sharp-libvips-linux-x64': [ '1.3.4' ],
16 silly audit   '@img/sharp-libvips-linuxmusl-arm64': [ '1.3.4' ],
16 silly audit   '@img/sharp-libvips-linuxmusl-x64': [ '1.3.4' ],
16 silly audit   '@img/sharp-linux-arm': [ '0.35.5' ],
16 silly audit   '@img/sharp-linux-arm64': [ '0.35.5' ],
16 silly audit   '@img/sharp-linux-ppc64': [ '0.35.5' ],
16 silly audit   '@img/sharp-linux-riscv64': [ '0.35.5' ],
16 silly audit   '@img/sharp-linux-s390x': [ '0.35.5' ],
16 silly audit   '@img/sharp-linux-x64': [ '0.35.5' ],
16 silly audit   '@img/sharp-linuxmusl-arm64': [ '0.35.5' ],
16 silly audit   '@img/sharp-linuxmusl-x64': [ '0.35.5' ],
16 silly audit   '@img/sharp-wasm32': [ '0.35.5' ],
16 silly audit   '@img/sharp-webcontainers-wasm32': [ '0.35.5' ],
16 silly audit   '@img/sharp-win32-arm64': [ '0.35.5' ],
16 silly audit   '@img/sharp-win32-ia32': [ '0.35.5' ],
16 silly audit   '@img/sharp-win32-x64': [ '0.35.5' ],
16 silly audit   '@ioredis/commands': [ '1.10.0' ],
16 silly audit   '@next/env': [ '15.5.27' ],
16 silly audit   '@next/swc-darwin-arm64': [ '15.5.27' ],
16 silly audit   '@next/swc-darwin-x64': [ '15.5.27' ],
16 silly audit   '@next/swc-linux-arm64-gnu': [ '15.5.27' ],
16 silly audit   '@next/swc-linux-arm64-musl': [ '15.5.27' ],
16 silly audit   '@next/swc-linux-x64-gnu': [ '15.5.27' ],
16 silly audit   '@next/swc-linux-x64-musl': [ '15.5.27' ],
16 silly audit   '@next/swc-win32-arm64-msvc': [ '15.5.27' ],
16 silly audit   '@next/swc-win32-x64-msvc': [ '15.5.27' ],
16 silly audit   '@prisma/client': [ '6.19.3' ],
16 silly audit   '@prisma/config': [ '6.19.3' ],
16 silly audit   '@prisma/debug': [ '6.19.3' ],
16 silly audit   '@prisma/engines': [ '6.19.3' ],
16 silly audit   '@prisma/engines-version': [ '7.1.1-3.c2990dca591cba766e3b7ef5d9e8a84796e47ab7' ],
16 silly audit   '@prisma/fetch-engine': [ '6.19.3' ],
16 silly audit   '@prisma/get-platform': [ '6.19.3' ],
16 silly audit   '@react-leaflet/core': [ '3.0.0' ],
16 silly audit   '@socket.io/component-emitter': [ '3.1.2' ],
16 silly audit   '@standard-schema/spec': [ '1.1.0' ],
16 silly audit   '@swc/helpers': [ '0.5.15' ],
16 silly audit   '@types/bcryptjs': [ '2.4.6' ],
16 silly audit   '@types/body-parser': [ '1.19.6' ],
16 silly audit   '@types/connect': [ '3.4.38' ],
16 silly audit   '@types/cors': [ '2.8.19' ],
16 silly audit   '@types/express': [ '5.0.6' ],
16 silly audit   '@types/express-serve-static-core': [ '5.1.3' ],
16 silly audit   '@types/geojson': [ '7946.0.16' ],
16 silly audit   '@types/http-errors': [ '2.0.5' ],
16 silly audit   '@types/jsonwebtoken': [ '9.0.10' ],
16 silly audit   '@types/leaflet': [ '1.9.22' ],
16 silly audit   '@types/ms': [ '2.1.0' ],
16 silly audit   '@types/node': [ '22.20.5' ],
16 silly audit   '@types/qs': [ '6.15.1' ],
16 silly audit   '@types/range-parser': [ '1.2.7' ],
16 silly audit   '@types/react': [ '19.3.0' ],
16 silly audit   '@types/react-dom': [ '19.3.0' ],
16 silly audit   '@types/send': [ '1.2.1' ],
16 silly audit   '@types/serve-static': [ '2.2.0' ],
16 silly audit   '@types/ws': [ '8.18.2' ],
16 silly audit   accepts: [ '1.3.8' ],
16 silly audit   'array-flatten': [ '1.1.1' ],
16 silly audit   bcryptjs: [ '2.4.3' ],
16 silly audit   'body-parser': [ '1.20.8' ],
16 silly audit   'buffer-equal-constant-time': [ '1.0.1' ],
16 silly audit   bytes: [ '3.1.2' ],
16 silly audit   c12: [ '3.1.0' ],
16 silly audit   'call-bind-apply-helpers': [ '1.0.2' ],
16 silly audit   'call-bound': [ '1.0.4' ],
16 silly audit   'caniuse-lite': [ '1.0.30001814' ],
16 silly audit   chokidar: [ '4.0.3' ],
16 silly audit   citty: [ '0.1.6', '0.2.2' ],
16 silly audit   'client-only': [ '0.0.1' ],
16 silly audit   'cluster-key-slot': [ '1.1.1' ],
16 silly audit   confbox: [ '0.2.4', '0.3.1' ],
16 silly audit   consola: [ '3.4.2' ],
16 silly audit   'content-disposition': [ '0.5.4' ],
16 silly audit   'content-type': [ '1.0.5' ],
16 silly audit   cookie: [ '0.7.2' ],
16 silly audit   'cookie-signature': [ '1.0.7' ],
16 silly audit   cors: [ '2.8.6' ],
16 silly audit   csstype: [ '3.2.3' ],
16 silly audit   debug: [ '2.6.9', '4.4.3' ],
16 silly audit   'deepmerge-ts': [ '7.1.5' ],
16 silly audit   defu: [ '6.1.7' ],
16 silly audit   denque: [ '2.1.0' ],
16 silly audit   depd: [ '2.0.0' ],
16 silly audit   destr: [ '2.0.5' ],
16 silly audit   destroy: [ '1.2.0' ],
16 silly audit   'detect-libc': [ '2.1.2' ],
16 silly audit   dotenv: [ '16.6.1' ],
16 silly audit   'dunder-proto': [ '1.0.1' ],
16 silly audit   'ecdsa-sig-formatter': [ '1.0.11' ],
16 silly audit   'ee-first': [ '1.1.1' ],
16 silly audit   effect: [ '3.21.0' ],
16 silly audit   empathic: [ '2.0.0' ],
16 silly audit   encodeurl: [ '2.0.0' ],
16 silly audit   'engine.io': [ '6.6.11' ],
16 silly audit   'engine.io-client': [ '6.6.7' ],
16 silly audit   ms: [ '2.1.3', '2.0.0' ],
16 silly audit   'engine.io-parser': [ '5.2.3' ],
16 silly audit   'es-define-property': [ '1.0.1' ],
16 silly audit   'es-errors': [ '1.3.0' ],
16 silly audit   'es-object-atoms': [ '1.1.2' ],
16 silly audit   esbuild: [ '0.28.2' ],
16 silly audit   'escape-html': [ '1.0.3' ],
16 silly audit   etag: [ '1.8.1' ],
16 silly audit   express: [ '4.22.3' ],
16 silly audit   exsolve: [ '1.1.3' ],
16 silly audit   'fast-check': [ '3.23.2' ],
16 silly audit   finalhandler: [ '1.3.2' ],
16 silly audit   forwarded: [ '0.2.0' ],
16 silly audit   fresh: [ '0.5.2' ],
16 silly audit   fsevents: [ '2.3.3' ],
16 silly audit   'function-bind': [ '1.1.2' ],
16 silly audit   'get-intrinsic': [ '1.3.0' ],
16 silly audit   'get-proto': [ '1.0.1' ],
16 silly audit   giget: [ '2.0.0' ],
16 silly audit   gopd: [ '1.2.0' ],
16 silly audit   'has-symbols': [ '1.1.0' ],
16 silly audit   hasown: [ '2.0.4' ],
16 silly audit   helmet: [ '8.3.0' ],
16 silly audit   'http-errors': [ '2.0.1' ],
16 silly audit   'iconv-lite': [ '0.4.24' ],
16 silly audit   inherits: [ '2.0.4' ],
16 silly audit   ioredis: [ '5.11.1' ],
16 silly audit   'ipaddr.js': [ '1.9.1' ],
16 silly audit   jiti: [ '2.7.0' ],
16 silly audit   jsonwebtoken: [ '9.0.3' ],
16 silly audit   jwa: [ '2.0.1' ],
16 silly audit   jws: [ '4.0.1' ],
16 silly audit   leaflet: [ '1.9.4' ],
16 silly audit   'lodash.includes': [ '4.3.0' ],
16 silly audit   'lodash.isboolean': [ '3.0.3' ],
16 silly audit   'lodash.isinteger': [ '4.0.4' ],
16 silly audit   'lodash.isnumber': [ '3.0.3' ],
16 silly audit   'lodash.isplainobject': [ '4.0.6' ],
16 silly audit   'lodash.isstring': [ '4.0.1' ],
16 silly audit   'lodash.once': [ '4.1.1' ],
16 silly audit   'lucide-react': [ '0.468.0' ],
16 silly audit   'math-intrinsics': [ '1.1.0' ],
16 silly audit   'media-typer': [ '0.3.0' ],
16 silly audit   'merge-descriptors': [ '1.0.3' ],
16 silly audit   methods: [ '1.1.2' ],
16 silly audit   mime: [ '1.6.0' ],
16 silly audit   'mime-db': [ '1.52.0' ],
16 silly audit   'mime-types': [ '2.1.35' ],
16 silly audit   nanoid: [ '3.3.19' ],
16 silly audit   negotiator: [ '0.6.3' ],
16 silly audit   next: [ '15.5.27' ],
16 silly audit   'node-fetch-native': [ '1.6.7' ],
16 silly audit   nypm: [ '0.6.10' ],
16 silly audit   'object-assign': [ '4.1.1' ],
16 silly audit   'object-inspect': [ '1.13.4' ],
16 silly audit   ohash: [ '2.0.12' ],
16 silly audit   'on-finished': [ '2.4.1' ],
16 silly audit   parseurl: [ '1.3.3' ],
16 silly audit   'path-to-regexp': [ '0.1.13' ],
16 silly audit   pathe: [ '2.0.3' ],
16 silly audit   'perfect-debounce': [ '1.0.0' ],
16 silly audit   picocolors: [ '1.1.1' ],
16 silly audit   'pkg-types': [ '2.3.3' ],
16 silly audit   postcss: [ '8.4.31' ],
16 silly audit   prisma: [ '6.19.3' ],
16 silly audit   'proxy-addr': [ '2.0.8' ],
16 silly audit   'pure-rand': [ '6.1.0' ],
16 silly audit   qs: [ '6.16.0' ],
16 silly audit   'range-parser': [ '1.2.1' ],
16 silly audit   'raw-body': [ '2.5.3' ],
16 silly audit   rc9: [ '2.1.2' ],
16 silly audit   react: [ '19.3.0' ],
16 silly audit   'react-dom': [ '19.3.0' ],
16 silly audit   'react-leaflet': [ '5.0.0' ],
16 silly audit   readdirp: [ '4.1.2' ],
16 silly audit   'redis-errors': [ '1.2.0' ],
16 silly audit   'redis-parser': [ '3.0.0' ],
16 silly audit   'safe-buffer': [ '5.2.1' ],
16 silly audit   'safer-buffer': [ '2.1.2' ],
16 silly audit   scheduler: [ '0.28.0' ],
16 silly audit   semver: [ '7.8.5' ],
16 silly audit   send: [ '0.19.2' ],
16 silly audit   'serve-static': [ '1.16.3' ],
16 silly audit   setprototypeof: [ '1.2.0' ],
16 silly audit   sharp: [ '0.35.5' ],
16 silly audit   'side-channel': [ '1.1.1' ],
16 silly audit   'side-channel-list': [ '1.0.1' ],
16 silly audit   'side-channel-map': [ '1.0.1' ],
16 silly audit   'side-channel-weakmap': [ '1.0.2' ],
16 silly audit   'socket.io': [ '4.8.4' ],
16 silly audit   'socket.io-adapter': [ '2.5.8' ],
16 silly audit   'socket.io-client': [ '4.8.4' ],
16 silly audit   'socket.io-parser': [ '4.2.7' ],
16 silly audit   'source-map-js': [ '1.2.2' ],
16 silly audit   'standard-as-callback': [ '2.1.0' ],
16 silly audit   statuses: [ '2.0.2' ],
16 silly audit   'styled-jsx': [ '5.1.6' ],
16 silly audit   tinyexec: [ '1.3.1' ],
16 silly audit   toidentifier: [ '1.0.1' ],
16 silly audit   tslib: [ '2.8.1' ],
16 silly audit   tsx: [ '4.23.15' ],
16 silly audit   'type-is': [ '1.6.18' ],
16 silly audit   typescript: [ '5.9.3' ],
16 silly audit   'undici-types': [ '6.21.0' ],
16 silly audit   unpipe: [ '1.0.0' ],
16 silly audit   'utils-merge': [ '1.0.1' ],
16 silly audit   vary: [ '1.1.2' ],
16 silly audit   ws: [ '8.21.3' ],
16 silly audit   'xmlhttprequest-ssl': [ '2.1.2' ],
16 silly audit   zod: [ '3.25.76' ]
16 silly audit }
17 verbose reify failed optional dependency C:\Users\sarth\Desktop\minor project\lifelink-platform\node_modules\fsevents
18 silly reify mark deleted [
18 silly reify   'C:\\Users\\sarth\\Desktop\\minor project\\lifelink-platform\\node_modules\\fsevents'
18 silly reify ]
19 verbose reify failed optional dependency C:\Users\sarth\Desktop\minor project\lifelink-platform\node_modules\@next\swc-win32-arm64-msvc
20 silly reify mark deleted [
20 silly reify   'C:\\Users\\sarth\\Desktop\\minor project\\lifelink-platform\\node_modules\\@next\\swc-win32-arm64-msvc'
20 silly reify ]
21 verbose reify failed optional dependency C:\Users\sarth\Desktop\minor project\lifelink-platform\node_modules\@next\swc-linux-x64-musl
22 silly reify mark deleted [
22 silly reify   'C:\\Users\\sarth\\Desktop\\minor project\\lifelink-platform\\node_modules\\@next\\swc-linux-x64-musl'
22 silly reify ]
23 verbose reify failed optional dependency C:\Users\sarth\Desktop\minor project\lifelink-platform\node_modules\@next\swc-linux-x64-gnu
24 silly reify mark deleted [
24 silly reify   'C:\\Users\\sarth\\Desktop\\minor project\\lifelink-platform\\node_modules\\@next\\swc-linux-x64-gnu'
24 silly reify ]
25 verbose reify failed optional dependency C:\Users\sarth\Desktop\minor project\lifelink-platform\node_modules\@next\swc-linux-arm64-musl
26 silly reify mark deleted [
26 silly reify   'C:\\Users\\sarth\\Desktop\\minor project\\lifelink-platform\\node_modules\\@next\\swc-linux-arm64-musl'
26 silly reify ]
27 verbose reify failed optional dependency C:\Users\sarth\Desktop\minor project\lifelink-platform\node_modules\@next\swc-linux-arm64-gnu
28 silly reify mark deleted [
28 silly reify   'C:\\Users\\sarth\\Desktop\\minor project\\lifelink-platform\\node_modules\\@next\\swc-linux-arm64-gnu'
28 silly reify ]
29 verbose reify failed optional dependency C:\Users\sarth\Desktop\minor project\lifelink-platform\node_modules\@next\swc-darwin-x64
30 silly reify mark deleted [
30 silly reify   'C:\\Users\\sarth\\Desktop\\minor project\\lifelink-platform\\node_modules\\@next\\swc-darwin-x64'
30 silly reify ]
31 verbose reify failed optional dependency C:\Users\sarth\Desktop\minor project\lifelink-platform\node_modules\@next\swc-darwin-arm64
32 silly reify mark deleted [
32 silly reify   'C:\\Users\\sarth\\Desktop\\minor project\\lifelink-platform\\node_modules\\@next\\swc-darwin-arm64'
32 silly reify ]
33 verbose reify failed optional dependency C:\Users\sarth\Desktop\minor project\lifelink-platform\node_modules\@img\sharp-win32-ia32
34 silly reify mark deleted [
34 silly reify   'C:\\Users\\sarth\\Desktop\\minor project\\lifelink-platform\\node_modules\\@img\\sharp-win32-ia32'
34 silly reify ]
35 verbose reify failed optional dependency C:\Users\sarth\Desktop\minor project\lifelink-platform\node_modules\@img\sharp-win32-arm64
36 silly reify mark deleted [
36 silly reify   'C:\\Users\\sarth\\Desktop\\minor project\\lifelink-platform\\node_modules\\@img\\sharp-win32-arm64'
36 silly reify ]
37 verbose reify failed optional dependency C:\Users\sarth\Desktop\minor project\lifelink-platform\node_modules\@img\sharp-webcontainers-wasm32
38 silly reify mark deleted [
38 silly reify   'C:\\Users\\sarth\\Desktop\\minor project\\lifelink-platform\\node_modules\\@img\\sharp-webcontainers-wasm32'
38 silly reify ]
39 verbose reify failed optional dependency C:\Users\sarth\Desktop\minor project\lifelink-platform\node_modules\@img\sharp-linuxmusl-x64
40 silly reify mark deleted [
40 silly reify   'C:\\Users\\sarth\\Desktop\\minor project\\lifelink-platform\\node_modules\\@img\\sharp-linuxmusl-x64'
40 silly reify ]
41 verbose reify failed optional dependency C:\Users\sarth\Desktop\minor project\lifelink-platform\node_modules\@img\sharp-linuxmusl-arm64
42 silly reify mark deleted [
42 silly reify   'C:\\Users\\sarth\\Desktop\\minor project\\lifelink-platform\\node_modules\\@img\\sharp-linuxmusl-arm64'
42 silly reify ]
43 verbose reify failed optional dependency C:\Users\sarth\Desktop\minor project\lifelink-platform\node_modules\@img\sharp-linux-x64
44 silly reify mark deleted [
44 silly reify   'C:\\Users\\sarth\\Desktop\\minor project\\lifelink-platform\\node_modules\\@img\\sharp-linux-x64'
44 silly reify ]
45 verbose reify failed optional dependency C:\Users\sarth\Desktop\minor project\lifelink-platform\node_modules\@img\sharp-linux-s390x
46 silly reify mark deleted [
46 silly reify   'C:\\Users\\sarth\\Desktop\\minor project\\lifelink-platform\\node_modules\\@img\\sharp-linux-s390x'
46 silly reify ]
47 verbose reify failed optional dependency C:\Users\sarth\Desktop\minor project\lifelink-platform\node_modules\@img\sharp-linux-riscv64
48 silly reify mark deleted [
48 silly reify   'C:\\Users\\sarth\\Desktop\\minor project\\lifelink-platform\\node_modules\\@img\\sharp-linux-riscv64'
48 silly reify ]
49 verbose reify failed optional dependency C:\Users\sarth\Desktop\minor project\lifelink-platform\node_modules\@img\sharp-linux-ppc64
50 silly reify mark deleted [
50 silly reify   'C:\\Users\\sarth\\Desktop\\minor project\\lifelink-platform\\node_modules\\@img\\sharp-linux-ppc64'
50 silly reify ]
51 verbose reify failed optional dependency C:\Users\sarth\Desktop\minor project\lifelink-platform\node_modules\@img\sharp-linux-arm64
52 silly reify mark deleted [
52 silly reify   'C:\\Users\\sarth\\Desktop\\minor project\\lifelink-platform\\node_modules\\@img\\sharp-linux-arm64'
52 silly reify ]
53 verbose reify failed optional dependency C:\Users\sarth\Desktop\minor project\lifelink-platform\node_modules\@img\sharp-linux-arm
54 silly reify mark deleted [
54 silly reify   'C:\\Users\\sarth\\Desktop\\minor project\\lifelink-platform\\node_modules\\@img\\sharp-linux-arm'
54 silly reify ]
55 verbose reify failed optional dependency C:\Users\sarth\Desktop\minor project\lifelink-platform\node_modules\@img\sharp-libvips-linuxmusl-x64
56 silly reify mark deleted [
56 silly reify   'C:\\Users\\sarth\\Desktop\\minor project\\lifelink-platform\\node_modules\\@img\\sharp-libvips-linuxmusl-x64'
56 silly reify ]
57 verbose reify failed optional dependency C:\Users\sarth\Desktop\minor project\lifelink-platform\node_modules\@img\sharp-libvips-linuxmusl-arm64
58 silly reify mark deleted [
58 silly reify   'C:\\Users\\sarth\\Desktop\\minor project\\lifelink-platform\\node_modules\\@img\\sharp-libvips-linuxmusl-arm64'
58 silly reify ]
59 verbose reify failed optional dependency C:\Users\sarth\Desktop\minor project\lifelink-platform\node_modules\@img\sharp-libvips-linux-x64
60 silly reify mark deleted [
60 silly reify   'C:\\Users\\sarth\\Desktop\\minor project\\lifelink-platform\\node_modules\\@img\\sharp-libvips-linux-x64'
60 silly reify ]
61 verbose reify failed optional dependency C:\Users\sarth\Desktop\minor project\lifelink-platform\node_modules\@img\sharp-libvips-linux-s390x
62 silly reify mark deleted [
62 silly reify   'C:\\Users\\sarth\\Desktop\\minor project\\lifelink-platform\\node_modules\\@img\\sharp-libvips-linux-s390x'
62 silly reify ]
63 verbose reify failed optional dependency C:\Users\sarth\Desktop\minor project\lifelink-platform\node_modules\@img\sharp-libvips-linux-riscv64
64 silly reify mark deleted [
64 silly reify   'C:\\Users\\sarth\\Desktop\\minor project\\lifelink-platform\\node_modules\\@img\\sharp-libvips-linux-riscv64'
64 silly reify ]
65 verbose reify failed optional dependency C:\Users\sarth\Desktop\minor project\lifelink-platform\node_modules\@img\sharp-libvips-linux-ppc64
66 silly reify mark deleted [
66 silly reify   'C:\\Users\\sarth\\Desktop\\minor project\\lifelink-platform\\node_modules\\@img\\sharp-libvips-linux-ppc64'
66 silly reify ]
67 verbose reify failed optional dependency C:\Users\sarth\Desktop\minor project\lifelink-platform\node_modules\@img\sharp-libvips-linux-arm64
68 silly reify mark deleted [
68 silly reify   'C:\\Users\\sarth\\Desktop\\minor project\\lifelink-platform\\node_modules\\@img\\sharp-libvips-linux-arm64'
68 silly reify ]
69 verbose reify failed optional dependency C:\Users\sarth\Desktop\minor project\lifelink-platform\node_modules\@img\sharp-libvips-linux-arm
70 silly reify mark deleted [
70 silly reify   'C:\\Users\\sarth\\Desktop\\minor project\\lifelink-platform\\node_modules\\@img\\sharp-libvips-linux-arm'
70 silly reify ]
71 verbose reify failed optional dependency C:\Users\sarth\Desktop\minor project\lifelink-platform\node_modules\@img\sharp-libvips-darwin-x64
72 silly reify mark deleted [
72 silly reify   'C:\\Users\\sarth\\Desktop\\minor project\\lifelink-platform\\node_modules\\@img\\sharp-libvips-darwin-x64'
72 silly reify ]
73 verbose reify failed optional dependency C:\Users\sarth\Desktop\minor project\lifelink-platform\node_modules\@img\sharp-libvips-darwin-arm64
74 silly reify mark deleted [
74 silly reify   'C:\\Users\\sarth\\Desktop\\minor project\\lifelink-platform\\node_modules\\@img\\sharp-libvips-darwin-arm64'
74 silly reify ]
75 verbose reify failed optional dependency C:\Users\sarth\Desktop\minor project\lifelink-platform\node_modules\@img\sharp-freebsd-wasm32
76 silly reify mark deleted [
76 silly reify   'C:\\Users\\sarth\\Desktop\\minor project\\lifelink-platform\\node_modules\\@img\\sharp-freebsd-wasm32'
76 silly reify ]
77 verbose reify failed optional dependency C:\Users\sarth\Desktop\minor project\lifelink-platform\node_modules\@img\sharp-darwin-x64
78 silly reify mark deleted [
78 silly reify   'C:\\Users\\sarth\\Desktop\\minor project\\lifelink-platform\\node_modules\\@img\\sharp-darwin-x64'
78 silly reify ]
79 verbose reify failed optional dependency C:\Users\sarth\Desktop\minor project\lifelink-platform\node_modules\@img\sharp-darwin-arm64
80 silly reify mark deleted [
80 silly reify   'C:\\Users\\sarth\\Desktop\\minor project\\lifelink-platform\\node_modules\\@img\\sharp-darwin-arm64'
80 silly reify ]
81 verbose reify failed optional dependency C:\Users\sarth\Desktop\minor project\lifelink-platform\node_modules\@esbuild\win32-ia32
82 silly reify mark deleted [
82 silly reify   'C:\\Users\\sarth\\Desktop\\minor project\\lifelink-platform\\node_modules\\@esbuild\\win32-ia32'
82 silly reify ]
83 verbose reify failed optional dependency C:\Users\sarth\Desktop\minor project\lifelink-platform\node_modules\@esbuild\win32-arm64
84 silly reify mark deleted [
84 silly reify   'C:\\Users\\sarth\\Desktop\\minor project\\lifelink-platform\\node_modules\\@esbuild\\win32-arm64'
84 silly reify ]
85 verbose reify failed optional dependency C:\Users\sarth\Desktop\minor project\lifelink-platform\node_modules\@esbuild\sunos-x64
86 silly reify mark deleted [
86 silly reify   'C:\\Users\\sarth\\Desktop\\minor project\\lifelink-platform\\node_modules\\@esbuild\\sunos-x64'
86 silly reify ]
87 verbose reify failed optional dependency C:\Users\sarth\Desktop\minor project\lifelink-platform\node_modules\@esbuild\openharmony-arm64
88 silly reify mark deleted [
88 silly reify   'C:\\Users\\sarth\\Desktop\\minor project\\lifelink-platform\\node_modules\\@esbuild\\openharmony-arm64'
88 silly reify ]
89 verbose reify failed optional dependency C:\Users\sarth\Desktop\minor project\lifelink-platform\node_modules\@esbuild\openbsd-x64
90 silly reify mark deleted [
90 silly reify   'C:\\Users\\sarth\\Desktop\\minor project\\lifelink-platform\\node_modules\\@esbuild\\openbsd-x64'
90 silly reify ]
91 verbose reify failed optional dependency C:\Users\sarth\Desktop\minor project\lifelink-platform\node_modules\@esbuild\openbsd-arm64
92 silly reify mark deleted [
92 silly reify   'C:\\Users\\sarth\\Desktop\\minor project\\lifelink-platform\\node_modules\\@esbuild\\openbsd-arm64'
92 silly reify ]
93 verbose reify failed optional dependency C:\Users\sarth\Desktop\minor project\lifelink-platform\node_modules\@esbuild\netbsd-x64
94 silly reify mark deleted [
94 silly reify   'C:\\Users\\sarth\\Desktop\\minor project\\lifelink-platform\\node_modules\\@esbuild\\netbsd-x64'
94 silly reify ]
95 verbose reify failed optional dependency C:\Users\sarth\Desktop\minor project\lifelink-platform\node_modules\@esbuild\netbsd-arm64
96 silly reify mark deleted [
96 silly reify   'C:\\Users\\sarth\\Desktop\\minor project\\lifelink-platform\\node_modules\\@esbuild\\netbsd-arm64'
96 silly reify ]
97 verbose reify failed optional dependency C:\Users\sarth\Desktop\minor project\lifelink-platform\node_modules\@esbuild\linux-x64
98 silly reify mark deleted [
98 silly reify   'C:\\Users\\sarth\\Desktop\\minor project\\lifelink-platform\\node_modules\\@esbuild\\linux-x64'
98 silly reify ]
99 verbose reify failed optional dependency C:\Users\sarth\Desktop\minor project\lifelink-platform\node_modules\@esbuild\linux-s390x
100 silly reify mark deleted [
100 silly reify   'C:\\Users\\sarth\\Desktop\\minor project\\lifelink-platform\\node_modules\\@esbuild\\linux-s390x'
100 silly reify ]
101 verbose reify failed optional dependency C:\Users\sarth\Desktop\minor project\lifelink-platform\node_modules\@esbuild\linux-riscv64
102 silly reify mark deleted [
102 silly reify   'C:\\Users\\sarth\\Desktop\\minor project\\lifelink-platform\\node_modules\\@esbuild\\linux-riscv64'
102 silly reify ]
103 verbose reify failed optional dependency C:\Users\sarth\Desktop\minor project\lifelink-platform\node_modules\@esbuild\linux-ppc64
104 silly reify mark deleted [
104 silly reify   'C:\\Users\\sarth\\Desktop\\minor project\\lifelink-platform\\node_modules\\@esbuild\\linux-ppc64'
104 silly reify ]
105 verbose reify failed optional dependency C:\Users\sarth\Desktop\minor project\lifelink-platform\node_modules\@esbuild\linux-mips64el
106 silly reify mark deleted [
106 silly reify   'C:\\Users\\sarth\\Desktop\\minor project\\lifelink-platform\\node_modules\\@esbuild\\linux-mips64el'
106 silly reify ]
107 verbose reify failed optional dependency C:\Users\sarth\Desktop\minor project\lifelink-platform\node_modules\@esbuild\linux-loong64
108 silly reify mark deleted [
108 silly reify   'C:\\Users\\sarth\\Desktop\\minor project\\lifelink-platform\\node_modules\\@esbuild\\linux-loong64'
108 silly reify ]
109 verbose reify failed optional dependency C:\Users\sarth\Desktop\minor project\lifelink-platform\node_modules\@esbuild\linux-ia32
110 silly reify mark deleted [
110 silly reify   'C:\\Users\\sarth\\Desktop\\minor project\\lifelink-platform\\node_modules\\@esbuild\\linux-ia32'
110 silly reify ]
111 verbose reify failed optional dependency C:\Users\sarth\Desktop\minor project\lifelink-platform\node_modules\@esbuild\linux-arm64
112 silly reify mark deleted [
112 silly reify   'C:\\Users\\sarth\\Desktop\\minor project\\lifelink-platform\\node_modules\\@esbuild\\linux-arm64'
112 silly reify ]
113 verbose reify failed optional dependency C:\Users\sarth\Desktop\minor project\lifelink-platform\node_modules\@esbuild\linux-arm
114 silly reify mark deleted [
114 silly reify   'C:\\Users\\sarth\\Desktop\\minor project\\lifelink-platform\\node_modules\\@esbuild\\linux-arm'
114 silly reify ]
115 verbose reify failed optional dependency C:\Users\sarth\Desktop\minor project\lifelink-platform\node_modules\@esbuild\freebsd-x64
116 silly reify mark deleted [
116 silly reify   'C:\\Users\\sarth\\Desktop\\minor project\\lifelink-platform\\node_modules\\@esbuild\\freebsd-x64'
116 silly reify ]
117 verbose reify failed optional dependency C:\Users\sarth\Desktop\minor project\lifelink-platform\node_modules\@esbuild\freebsd-arm64
118 silly reify mark deleted [
118 silly reify   'C:\\Users\\sarth\\Desktop\\minor project\\lifelink-platform\\node_modules\\@esbuild\\freebsd-arm64'
118 silly reify ]
119 verbose reify failed optional dependency C:\Users\sarth\Desktop\minor project\lifelink-platform\node_modules\@esbuild\darwin-x64
120 silly reify mark deleted [
120 silly reify   'C:\\Users\\sarth\\Desktop\\minor project\\lifelink-platform\\node_modules\\@esbuild\\darwin-x64'
120 silly reify ]
121 verbose reify failed optional dependency C:\Users\sarth\Desktop\minor project\lifelink-platform\node_modules\@esbuild\darwin-arm64
122 silly reify mark deleted [
122 silly reify   'C:\\Users\\sarth\\Desktop\\minor project\\lifelink-platform\\node_modules\\@esbuild\\darwin-arm64'
122 silly reify ]
123 verbose reify failed optional dependency C:\Users\sarth\Desktop\minor project\lifelink-platform\node_modules\@esbuild\android-x64
124 silly reify mark deleted [
124 silly reify   'C:\\Users\\sarth\\Desktop\\minor project\\lifelink-platform\\node_modules\\@esbuild\\android-x64'
124 silly reify ]
125 verbose reify failed optional dependency C:\Users\sarth\Desktop\minor project\lifelink-platform\node_modules\@esbuild\android-arm64
126 silly reify mark deleted [
126 silly reify   'C:\\Users\\sarth\\Desktop\\minor project\\lifelink-platform\\node_modules\\@esbuild\\android-arm64'
126 silly reify ]
127 verbose reify failed optional dependency C:\Users\sarth\Desktop\minor project\lifelink-platform\node_modules\@esbuild\android-arm
128 silly reify mark deleted [
128 silly reify   'C:\\Users\\sarth\\Desktop\\minor project\\lifelink-platform\\node_modules\\@esbuild\\android-arm'
128 silly reify ]
129 verbose reify failed optional dependency C:\Users\sarth\Desktop\minor project\lifelink-platform\node_modules\@esbuild\aix-ppc64
130 silly reify mark deleted [
130 silly reify   'C:\\Users\\sarth\\Desktop\\minor project\\lifelink-platform\\node_modules\\@esbuild\\aix-ppc64'
130 silly reify ]
131 silly audit bulk request failed undefined
132 http cache zod@https://registry.npmjs.org/zod/-/zod-3.25.76.tgz 1ms (cache hit)
133 http cache ws@https://registry.npmjs.org/ws/-/ws-8.21.3.tgz 0ms (cache hit)
134 http cache xmlhttprequest-ssl@https://registry.npmjs.org/xmlhttprequest-ssl/-/xmlhttprequest-ssl-2.1.2.tgz 0ms (cache hit)
135 http cache vary@https://registry.npmjs.org/vary/-/vary-1.1.2.tgz 0ms (cache hit)
136 http cache utils-merge@https://registry.npmjs.org/utils-merge/-/utils-merge-1.0.1.tgz 0ms (cache hit)
137 http cache unpipe@https://registry.npmjs.org/unpipe/-/unpipe-1.0.0.tgz 0ms (cache hit)
138 http cache undici-types@https://registry.npmjs.org/undici-types/-/undici-types-6.21.0.tgz 0ms (cache hit)
139 http cache typescript@https://registry.npmjs.org/typescript/-/typescript-5.9.3.tgz 0ms (cache hit)
140 http cache type-is@https://registry.npmjs.org/type-is/-/type-is-1.6.18.tgz 0ms (cache hit)
141 http cache tsx@https://registry.npmjs.org/tsx/-/tsx-4.23.15.tgz 0ms (cache hit)
142 http cache tslib@https://registry.npmjs.org/tslib/-/tslib-2.8.1.tgz 0ms (cache hit)
143 http cache toidentifier@https://registry.npmjs.org/toidentifier/-/toidentifier-1.0.1.tgz 0ms (cache hit)
144 http cache tinyexec@https://registry.npmjs.org/tinyexec/-/tinyexec-1.3.1.tgz 0ms (cache hit)
145 http cache statuses@https://registry.npmjs.org/statuses/-/statuses-2.0.2.tgz 0ms (cache hit)
146 http cache styled-jsx@https://registry.npmjs.org/styled-jsx/-/styled-jsx-5.1.6.tgz 0ms (cache hit)
147 http cache standard-as-callback@https://registry.npmjs.org/standard-as-callback/-/standard-as-callback-2.1.0.tgz 0ms (cache hit)
148 http cache source-map-js@https://registry.npmjs.org/source-map-js/-/source-map-js-1.2.2.tgz 0ms (cache hit)
149 http cache socket.io@https://registry.npmjs.org/socket.io/-/socket.io-4.8.4.tgz 0ms (cache hit)
150 http cache socket.io-client@https://registry.npmjs.org/socket.io-client/-/socket.io-client-4.8.4.tgz 0ms (cache hit)
151 http cache side-channel-weakmap@https://registry.npmjs.org/side-channel-weakmap/-/side-channel-weakmap-1.0.2.tgz 0ms (cache hit)
152 http cache socket.io-parser@https://registry.npmjs.org/socket.io-parser/-/socket.io-parser-4.2.7.tgz 0ms (cache hit)
153 http cache side-channel-list@https://registry.npmjs.org/side-channel-list/-/side-channel-list-1.0.1.tgz 0ms (cache hit)
154 http cache socket.io-adapter@https://registry.npmjs.org/socket.io-adapter/-/socket.io-adapter-2.5.8.tgz 0ms (cache hit)
155 http cache side-channel@https://registry.npmjs.org/side-channel/-/side-channel-1.1.1.tgz 0ms (cache hit)
156 http cache side-channel-map@https://registry.npmjs.org/side-channel-map/-/side-channel-map-1.0.1.tgz 0ms (cache hit)
157 http cache setprototypeof@https://registry.npmjs.org/setprototypeof/-/setprototypeof-1.2.0.tgz 0ms (cache hit)
158 http cache sharp@https://registry.npmjs.org/sharp/-/sharp-0.35.5.tgz 0ms (cache hit)
159 http cache semver@https://registry.npmjs.org/semver/-/semver-7.8.5.tgz 0ms (cache hit)
160 http cache send@https://registry.npmjs.org/send/-/send-0.19.2.tgz 0ms (cache hit)
161 http cache safe-buffer@https://registry.npmjs.org/safe-buffer/-/safe-buffer-5.2.1.tgz 0ms (cache hit)
162 http cache scheduler@https://registry.npmjs.org/scheduler/-/scheduler-0.28.0.tgz 0ms (cache hit)
163 http cache serve-static@https://registry.npmjs.org/serve-static/-/serve-static-1.16.3.tgz 0ms (cache hit)
164 http cache safer-buffer@https://registry.npmjs.org/safer-buffer/-/safer-buffer-2.1.2.tgz 0ms (cache hit)
165 http cache redis-parser@https://registry.npmjs.org/redis-parser/-/redis-parser-3.0.0.tgz 0ms (cache hit)
166 http cache redis-errors@https://registry.npmjs.org/redis-errors/-/redis-errors-1.2.0.tgz 1ms (cache hit)
167 http cache readdirp@https://registry.npmjs.org/readdirp/-/readdirp-4.1.2.tgz 0ms (cache hit)
168 http cache react-leaflet@https://registry.npmjs.org/react-leaflet/-/react-leaflet-5.0.0.tgz 0ms (cache hit)
169 http cache rc9@https://registry.npmjs.org/rc9/-/rc9-2.1.2.tgz 0ms (cache hit)
170 http cache raw-body@https://registry.npmjs.org/raw-body/-/raw-body-2.5.3.tgz 0ms (cache hit)
171 http cache react@https://registry.npmjs.org/react/-/react-19.3.0.tgz 0ms (cache hit)
172 http cache react-dom@https://registry.npmjs.org/react-dom/-/react-dom-19.3.0.tgz 0ms (cache hit)
173 http cache range-parser@https://registry.npmjs.org/range-parser/-/range-parser-1.2.1.tgz 0ms (cache hit)
174 http cache pure-rand@https://registry.npmjs.org/pure-rand/-/pure-rand-6.1.0.tgz 0ms (cache hit)
175 http cache qs@https://registry.npmjs.org/qs/-/qs-6.16.0.tgz 0ms (cache hit)
176 http cache proxy-addr@https://registry.npmjs.org/proxy-addr/-/proxy-addr-2.0.8.tgz 0ms (cache hit)
177 http cache prisma@https://registry.npmjs.org/prisma/-/prisma-6.19.3.tgz 0ms (cache hit)
178 http cache postcss@https://registry.npmjs.org/postcss/-/postcss-8.4.31.tgz 0ms (cache hit)
179 http cache pkg-types@https://registry.npmjs.org/pkg-types/-/pkg-types-2.3.3.tgz 1ms (cache hit)
180 http cache picocolors@https://registry.npmjs.org/picocolors/-/picocolors-1.1.1.tgz 0ms (cache hit)
181 http cache path-to-regexp@https://registry.npmjs.org/path-to-regexp/-/path-to-regexp-0.1.13.tgz 0ms (cache hit)
182 http cache pathe@https://registry.npmjs.org/pathe/-/pathe-2.0.3.tgz 0ms (cache hit)
183 http cache perfect-debounce@https://registry.npmjs.org/perfect-debounce/-/perfect-debounce-1.0.0.tgz 0ms (cache hit)
184 http cache parseurl@https://registry.npmjs.org/parseurl/-/parseurl-1.3.3.tgz 0ms (cache hit)
185 http cache object-inspect@https://registry.npmjs.org/object-inspect/-/object-inspect-1.13.4.tgz 0ms (cache hit)
186 http cache ohash@https://registry.npmjs.org/ohash/-/ohash-2.0.12.tgz 0ms (cache hit)
187 http cache on-finished@https://registry.npmjs.org/on-finished/-/on-finished-2.4.1.tgz 0ms (cache hit)
188 http cache object-assign@https://registry.npmjs.org/object-assign/-/object-assign-4.1.1.tgz 0ms (cache hit)
189 http cache nypm@https://registry.npmjs.org/nypm/-/nypm-0.6.10.tgz 0ms (cache hit)
190 http cache next@https://registry.npmjs.org/next/-/next-15.5.27.tgz 0ms (cache hit)
191 http cache node-fetch-native@https://registry.npmjs.org/node-fetch-native/-/node-fetch-native-1.6.7.tgz 0ms (cache hit)
192 http cache negotiator@https://registry.npmjs.org/negotiator/-/negotiator-0.6.3.tgz 0ms (cache hit)
193 http cache nanoid@https://registry.npmjs.org/nanoid/-/nanoid-3.3.19.tgz 0ms (cache hit)
194 http cache mime-types@https://registry.npmjs.org/mime-types/-/mime-types-2.1.35.tgz 0ms (cache hit)
195 http cache ms@https://registry.npmjs.org/ms/-/ms-2.0.0.tgz 0ms (cache hit)
196 http cache mime@https://registry.npmjs.org/mime/-/mime-1.6.0.tgz 0ms (cache hit)
197 http cache mime-db@https://registry.npmjs.org/mime-db/-/mime-db-1.52.0.tgz 0ms (cache hit)
198 http cache methods@https://registry.npmjs.org/methods/-/methods-1.1.2.tgz 0ms (cache hit)
199 http cache merge-descriptors@https://registry.npmjs.org/merge-descriptors/-/merge-descriptors-1.0.3.tgz 0ms (cache hit)
200 http cache media-typer@https://registry.npmjs.org/media-typer/-/media-typer-0.3.0.tgz 1ms (cache hit)
201 http cache math-intrinsics@https://registry.npmjs.org/math-intrinsics/-/math-intrinsics-1.1.0.tgz 0ms (cache hit)
202 http cache lodash.once@https://registry.npmjs.org/lodash.once/-/lodash.once-4.1.1.tgz 0ms (cache hit)
203 http cache lodash.isstring@https://registry.npmjs.org/lodash.isstring/-/lodash.isstring-4.0.1.tgz 0ms (cache hit)
204 http cache lucide-react@https://registry.npmjs.org/lucide-react/-/lucide-react-0.468.0.tgz 0ms (cache hit)
205 http cache lodash.isnumber@https://registry.npmjs.org/lodash.isnumber/-/lodash.isnumber-3.0.3.tgz 0ms (cache hit)
206 http cache lodash.isinteger@https://registry.npmjs.org/lodash.isinteger/-/lodash.isinteger-4.0.4.tgz 0ms (cache hit)
207 http cache lodash.isplainobject@https://registry.npmjs.org/lodash.isplainobject/-/lodash.isplainobject-4.0.6.tgz 0ms (cache hit)
208 http cache lodash.isboolean@https://registry.npmjs.org/lodash.isboolean/-/lodash.isboolean-3.0.3.tgz 0ms (cache hit)
209 http cache leaflet@https://registry.npmjs.org/leaflet/-/leaflet-1.9.4.tgz 0ms (cache hit)
210 http cache jwa@https://registry.npmjs.org/jwa/-/jwa-2.0.1.tgz 0ms (cache hit)
211 http cache lodash.includes@https://registry.npmjs.org/lodash.includes/-/lodash.includes-4.3.0.tgz 0ms (cache hit)
212 http cache jws@https://registry.npmjs.org/jws/-/jws-4.0.1.tgz 0ms (cache hit)
213 http cache jiti@https://registry.npmjs.org/jiti/-/jiti-2.7.0.tgz 0ms (cache hit)
214 http cache jsonwebtoken@https://registry.npmjs.org/jsonwebtoken/-/jsonwebtoken-9.0.3.tgz 0ms (cache hit)
215 http cache ipaddr.js@https://registry.npmjs.org/ipaddr.js/-/ipaddr.js-1.9.1.tgz 0ms (cache hit)
216 http cache ioredis@https://registry.npmjs.org/ioredis/-/ioredis-5.11.1.tgz 0ms (cache hit)
217 http cache iconv-lite@https://registry.npmjs.org/iconv-lite/-/iconv-lite-0.4.24.tgz 0ms (cache hit)
218 http cache inherits@https://registry.npmjs.org/inherits/-/inherits-2.0.4.tgz 0ms (cache hit)
219 http cache helmet@https://registry.npmjs.org/helmet/-/helmet-8.3.0.tgz 0ms (cache hit)
220 http cache http-errors@https://registry.npmjs.org/http-errors/-/http-errors-2.0.1.tgz 0ms (cache hit)
221 http cache has-symbols@https://registry.npmjs.org/has-symbols/-/has-symbols-1.1.0.tgz 0ms (cache hit)
222 http cache gopd@https://registry.npmjs.org/gopd/-/gopd-1.2.0.tgz 0ms (cache hit)
223 http cache giget@https://registry.npmjs.org/giget/-/giget-2.0.0.tgz 0ms (cache hit)
224 http cache hasown@https://registry.npmjs.org/hasown/-/hasown-2.0.4.tgz 0ms (cache hit)
225 http cache get-proto@https://registry.npmjs.org/get-proto/-/get-proto-1.0.1.tgz 0ms (cache hit)
226 http cache fresh@https://registry.npmjs.org/fresh/-/fresh-0.5.2.tgz 0ms (cache hit)
227 http cache get-intrinsic@https://registry.npmjs.org/get-intrinsic/-/get-intrinsic-1.3.0.tgz 0ms (cache hit)
228 http cache function-bind@https://registry.npmjs.org/function-bind/-/function-bind-1.1.2.tgz 0ms (cache hit)
229 http cache fast-check@https://registry.npmjs.org/fast-check/-/fast-check-3.23.2.tgz 0ms (cache hit)
230 http cache forwarded@https://registry.npmjs.org/forwarded/-/forwarded-0.2.0.tgz 0ms (cache hit)
231 http cache finalhandler@https://registry.npmjs.org/finalhandler/-/finalhandler-1.3.2.tgz 0ms (cache hit)
232 http cache express@https://registry.npmjs.org/express/-/express-4.22.3.tgz 0ms (cache hit)
233 http cache exsolve@https://registry.npmjs.org/exsolve/-/exsolve-1.1.3.tgz 0ms (cache hit)
234 http cache escape-html@https://registry.npmjs.org/escape-html/-/escape-html-1.0.3.tgz 0ms (cache hit)
235 http cache etag@https://registry.npmjs.org/etag/-/etag-1.8.1.tgz 0ms (cache hit)
236 http cache esbuild@https://registry.npmjs.org/esbuild/-/esbuild-0.28.2.tgz 0ms (cache hit)
237 http cache engine.io-parser@https://registry.npmjs.org/engine.io-parser/-/engine.io-parser-5.2.3.tgz 0ms (cache hit)
238 http cache es-define-property@https://registry.npmjs.org/es-define-property/-/es-define-property-1.0.1.tgz 0ms (cache hit)
239 http cache es-errors@https://registry.npmjs.org/es-errors/-/es-errors-1.3.0.tgz 0ms (cache hit)
240 http cache es-object-atoms@https://registry.npmjs.org/es-object-atoms/-/es-object-atoms-1.1.2.tgz 0ms (cache hit)
241 http cache engine.io@https://registry.npmjs.org/engine.io/-/engine.io-6.6.11.tgz 0ms (cache hit)
242 http cache engine.io-client@https://registry.npmjs.org/engine.io-client/-/engine.io-client-6.6.7.tgz 0ms (cache hit)
243 http cache encodeurl@https://registry.npmjs.org/encodeurl/-/encodeurl-2.0.0.tgz 0ms (cache hit)
244 http cache empathic@https://registry.npmjs.org/empathic/-/empathic-2.0.0.tgz 0ms (cache hit)
245 http cache effect@https://registry.npmjs.org/effect/-/effect-3.21.0.tgz 0ms (cache hit)
246 http cache dunder-proto@https://registry.npmjs.org/dunder-proto/-/dunder-proto-1.0.1.tgz 0ms (cache hit)
247 http cache ee-first@https://registry.npmjs.org/ee-first/-/ee-first-1.1.1.tgz 0ms (cache hit)
248 http cache ecdsa-sig-formatter@https://registry.npmjs.org/ecdsa-sig-formatter/-/ecdsa-sig-formatter-1.0.11.tgz 0ms (cache hit)
249 http cache destroy@https://registry.npmjs.org/destroy/-/destroy-1.2.0.tgz 0ms (cache hit)
250 http cache dotenv@https://registry.npmjs.org/dotenv/-/dotenv-16.6.1.tgz 0ms (cache hit)
251 http cache detect-libc@https://registry.npmjs.org/detect-libc/-/detect-libc-2.1.2.tgz 0ms (cache hit)
252 http cache destr@https://registry.npmjs.org/destr/-/destr-2.0.5.tgz 0ms (cache hit)
253 http cache depd@https://registry.npmjs.org/depd/-/depd-2.0.0.tgz 0ms (cache hit)
254 http cache denque@https://registry.npmjs.org/denque/-/denque-2.1.0.tgz 0ms (cache hit)
255 http cache deepmerge-ts@https://registry.npmjs.org/deepmerge-ts/-/deepmerge-ts-7.1.5.tgz 0ms (cache hit)
256 http cache defu@https://registry.npmjs.org/defu/-/defu-6.1.7.tgz 0ms (cache hit)
257 http cache debug@https://registry.npmjs.org/debug/-/debug-2.6.9.tgz 0ms (cache hit)
258 http cache cors@https://registry.npmjs.org/cors/-/cors-2.8.6.tgz 0ms (cache hit)
259 http cache cookie-signature@https://registry.npmjs.org/cookie-signature/-/cookie-signature-1.0.7.tgz 0ms (cache hit)
260 http cache csstype@https://registry.npmjs.org/csstype/-/csstype-3.2.3.tgz 0ms (cache hit)
261 http cache content-type@https://registry.npmjs.org/content-type/-/content-type-1.0.5.tgz 0ms (cache hit)
262 http cache cookie@https://registry.npmjs.org/cookie/-/cookie-0.7.2.tgz 0ms (cache hit)
263 http cache content-disposition@https://registry.npmjs.org/content-disposition/-/content-disposition-0.5.4.tgz 0ms (cache hit)
264 http cache consola@https://registry.npmjs.org/consola/-/consola-3.4.2.tgz 0ms (cache hit)
265 http cache client-only@https://registry.npmjs.org/client-only/-/client-only-0.0.1.tgz 0ms (cache hit)
266 http cache cluster-key-slot@https://registry.npmjs.org/cluster-key-slot/-/cluster-key-slot-1.1.1.tgz 0ms (cache hit)
267 http cache citty@https://registry.npmjs.org/citty/-/citty-0.1.6.tgz 0ms (cache hit)
268 http cache chokidar@https://registry.npmjs.org/chokidar/-/chokidar-4.0.3.tgz 0ms (cache hit)
269 http cache caniuse-lite@https://registry.npmjs.org/caniuse-lite/-/caniuse-lite-1.0.30001814.tgz 0ms (cache hit)
270 http cache call-bound@https://registry.npmjs.org/call-bound/-/call-bound-1.0.4.tgz 0ms (cache hit)
271 http cache bytes@https://registry.npmjs.org/bytes/-/bytes-3.1.2.tgz 0ms (cache hit)
272 http cache c12@https://registry.npmjs.org/c12/-/c12-3.1.0.tgz 0ms (cache hit)
273 http cache buffer-equal-constant-time@https://registry.npmjs.org/buffer-equal-constant-time/-/buffer-equal-constant-time-1.0.1.tgz 0ms (cache hit)
274 http cache call-bind-apply-helpers@https://registry.npmjs.org/call-bind-apply-helpers/-/call-bind-apply-helpers-1.0.2.tgz 0ms (cache hit)
275 http cache body-parser@https://registry.npmjs.org/body-parser/-/body-parser-1.20.8.tgz 0ms (cache hit)
276 http cache bcryptjs@https://registry.npmjs.org/bcryptjs/-/bcryptjs-2.4.3.tgz 0ms (cache hit)
277 http cache confbox@https://registry.npmjs.org/confbox/-/confbox-0.2.4.tgz 0ms (cache hit)
278 http cache array-flatten@https://registry.npmjs.org/array-flatten/-/array-flatten-1.1.1.tgz 0ms (cache hit)
279 http cache @types/react-dom@https://registry.npmjs.org/@types/react-dom/-/react-dom-19.3.0.tgz 0ms (cache hit)
280 http cache @types/send@https://registry.npmjs.org/@types/send/-/send-1.2.1.tgz 0ms (cache hit)
281 http cache @types/ws@https://registry.npmjs.org/@types/ws/-/ws-8.18.2.tgz 0ms (cache hit)
282 http cache @types/serve-static@https://registry.npmjs.org/@types/serve-static/-/serve-static-2.2.0.tgz 0ms (cache hit)
283 http cache @types/react@https://registry.npmjs.org/@types/react/-/react-19.3.0.tgz 0ms (cache hit)
284 http cache accepts@https://registry.npmjs.org/accepts/-/accepts-1.3.8.tgz 0ms (cache hit)
285 http cache @types/range-parser@https://registry.npmjs.org/@types/range-parser/-/range-parser-1.2.7.tgz 0ms (cache hit)
286 http cache @types/qs@https://registry.npmjs.org/@types/qs/-/qs-6.15.1.tgz 0ms (cache hit)
287 http cache @types/node@https://registry.npmjs.org/@types/node/-/node-22.20.5.tgz 0ms (cache hit)
288 http cache @types/leaflet@https://registry.npmjs.org/@types/leaflet/-/leaflet-1.9.22.tgz 0ms (cache hit)
289 http cache @types/http-errors@https://registry.npmjs.org/@types/http-errors/-/http-errors-2.0.5.tgz 0ms (cache hit)
290 http cache @types/jsonwebtoken@https://registry.npmjs.org/@types/jsonwebtoken/-/jsonwebtoken-9.0.10.tgz 0ms (cache hit)
291 http cache @types/express-serve-static-core@https://registry.npmjs.org/@types/express-serve-static-core/-/express-serve-static-core-5.1.3.tgz 0ms (cache hit)
292 http cache @types/express@https://registry.npmjs.org/@types/express/-/express-5.0.6.tgz 1ms (cache hit)
293 http cache @types/geojson@https://registry.npmjs.org/@types/geojson/-/geojson-7946.0.16.tgz 0ms (cache hit)
294 http cache @types/cors@https://registry.npmjs.org/@types/cors/-/cors-2.8.19.tgz 0ms (cache hit)
295 http cache @types/ms@https://registry.npmjs.org/@types/ms/-/ms-2.1.0.tgz 0ms (cache hit)
296 http cache @standard-schema/spec@https://registry.npmjs.org/@standard-schema/spec/-/spec-1.1.0.tgz 0ms (cache hit)
297 http cache @types/connect@https://registry.npmjs.org/@types/connect/-/connect-3.4.38.tgz 0ms (cache hit)
298 http cache @types/body-parser@https://registry.npmjs.org/@types/body-parser/-/body-parser-1.19.6.tgz 0ms (cache hit)
299 http cache @types/bcryptjs@https://registry.npmjs.org/@types/bcryptjs/-/bcryptjs-2.4.6.tgz 0ms (cache hit)
300 http cache @socket.io/component-emitter@https://registry.npmjs.org/@socket.io/component-emitter/-/component-emitter-3.1.2.tgz 0ms (cache hit)
301 http cache @swc/helpers@https://registry.npmjs.org/@swc/helpers/-/helpers-0.5.15.tgz 0ms (cache hit)
302 http cache @react-leaflet/core@https://registry.npmjs.org/@react-leaflet/core/-/core-3.0.0.tgz 0ms (cache hit)
303 http cache @prisma/get-platform@https://registry.npmjs.org/@prisma/get-platform/-/get-platform-6.19.3.tgz 0ms (cache hit)
304 http cache @prisma/fetch-engine@https://registry.npmjs.org/@prisma/fetch-engine/-/fetch-engine-6.19.3.tgz 0ms (cache hit)
305 http cache @prisma/engines@https://registry.npmjs.org/@prisma/engines/-/engines-6.19.3.tgz 0ms (cache hit)
306 http cache @prisma/engines-version@https://registry.npmjs.org/@prisma/engines-version/-/engines-version-7.1.1-3.c2990dca591cba766e3b7ef5d9e8a84796e47ab7.tgz 0ms (cache hit)
307 http cache @prisma/config@https://registry.npmjs.org/@prisma/config/-/config-6.19.3.tgz 0ms (cache hit)
308 http cache @prisma/debug@https://registry.npmjs.org/@prisma/debug/-/debug-6.19.3.tgz 0ms (cache hit)
309 http cache @prisma/client@https://registry.npmjs.org/@prisma/client/-/client-6.19.3.tgz 0ms (cache hit)
310 http cache @next/env@https://registry.npmjs.org/@next/env/-/env-15.5.27.tgz 0ms (cache hit)
311 http cache @next/swc-win32-x64-msvc@https://registry.npmjs.org/@next/swc-win32-x64-msvc/-/swc-win32-x64-msvc-15.5.27.tgz 1ms (cache hit)
312 http cache @ioredis/commands@https://registry.npmjs.org/@ioredis/commands/-/commands-1.10.0.tgz 0ms (cache hit)
313 http cache @img/sharp-win32-x64@https://registry.npmjs.org/@img/sharp-win32-x64/-/sharp-win32-x64-0.35.5.tgz 0ms (cache hit)
314 http cache @img/colour@https://registry.npmjs.org/@img/colour/-/colour-1.1.0.tgz 0ms (cache hit)
315 http cache @esbuild/win32-x64@https://registry.npmjs.org/@esbuild/win32-x64/-/win32-x64-0.28.2.tgz 0ms (cache hit)
316 http cache @img/sharp-wasm32@https://registry.npmjs.org/@img/sharp-wasm32/-/sharp-wasm32-0.35.5.tgz 0ms (cache hit)
317 http cache @emnapi/runtime@https://registry.npmjs.org/@emnapi/runtime/-/runtime-1.11.3.tgz 1ms (cache hit)
318 http cache @google/generative-ai@https://registry.npmjs.org/@google/generative-ai/-/generative-ai-0.21.0.tgz 0ms (cache hit)
319 http cache debug@https://registry.npmjs.org/debug/-/debug-4.4.3.tgz 0ms (cache hit)
320 http cache ms@https://registry.npmjs.org/ms/-/ms-2.1.3.tgz 0ms (cache hit)
321 http cache debug@https://registry.npmjs.org/debug/-/debug-4.4.3.tgz 0ms (cache hit)
322 http cache ms@https://registry.npmjs.org/ms/-/ms-2.1.3.tgz 0ms (cache hit)
323 http cache ms@https://registry.npmjs.org/ms/-/ms-2.1.3.tgz 0ms (cache hit)
324 http cache ms@https://registry.npmjs.org/ms/-/ms-2.1.3.tgz 0ms (cache hit)
325 http cache debug@https://registry.npmjs.org/debug/-/debug-4.4.3.tgz 0ms (cache hit)
326 http cache ms@https://registry.npmjs.org/ms/-/ms-2.1.3.tgz 0ms (cache hit)
327 http cache confbox@https://registry.npmjs.org/confbox/-/confbox-0.3.1.tgz 0ms (cache hit)
328 http cache debug@https://registry.npmjs.org/debug/-/debug-4.4.3.tgz 0ms (cache hit)
329 http cache citty@https://registry.npmjs.org/citty/-/citty-0.2.2.tgz 0ms (cache hit)
330 http cache ms@https://registry.npmjs.org/ms/-/ms-2.1.3.tgz 0ms (cache hit)
331 http cache ms@https://registry.npmjs.org/ms/-/ms-2.1.3.tgz 0ms (cache hit)
332 http cache ms@https://registry.npmjs.org/ms/-/ms-2.1.3.tgz 0ms (cache hit)
333 http cache debug@https://registry.npmjs.org/debug/-/debug-4.4.3.tgz 0ms (cache hit)
334 silly tarball no local data for zod@https://registry.npmjs.org/zod/-/zod-3.25.76.tgz. Extracting by manifest.
335 silly tarball no local data for ws@https://registry.npmjs.org/ws/-/ws-8.21.3.tgz. Extracting by manifest.
336 silly tarball no local data for xmlhttprequest-ssl@https://registry.npmjs.org/xmlhttprequest-ssl/-/xmlhttprequest-ssl-2.1.2.tgz. Extracting by manifest.
337 silly tarball no local data for vary@https://registry.npmjs.org/vary/-/vary-1.1.2.tgz. Extracting by manifest.
338 silly tarball no local data for utils-merge@https://registry.npmjs.org/utils-merge/-/utils-merge-1.0.1.tgz. Extracting by manifest.
339 silly tarball no local data for unpipe@https://registry.npmjs.org/unpipe/-/unpipe-1.0.0.tgz. Extracting by manifest.
340 silly tarball no local data for undici-types@https://registry.npmjs.org/undici-types/-/undici-types-6.21.0.tgz. Extracting by manifest.
341 silly tarball no local data for typescript@https://registry.npmjs.org/typescript/-/typescript-5.9.3.tgz. Extracting by manifest.
342 silly tarball no local data for type-is@https://registry.npmjs.org/type-is/-/type-is-1.6.18.tgz. Extracting by manifest.
343 silly tarball no local data for tsx@https://registry.npmjs.org/tsx/-/tsx-4.23.15.tgz. Extracting by manifest.
344 silly tarball no local data for tslib@https://registry.npmjs.org/tslib/-/tslib-2.8.1.tgz. Extracting by manifest.
345 silly tarball no local data for toidentifier@https://registry.npmjs.org/toidentifier/-/toidentifier-1.0.1.tgz. Extracting by manifest.
346 silly tarball no local data for tinyexec@https://registry.npmjs.org/tinyexec/-/tinyexec-1.3.1.tgz. Extracting by manifest.
347 silly tarball no local data for statuses@https://registry.npmjs.org/statuses/-/statuses-2.0.2.tgz. Extracting by manifest.
348 silly tarball no local data for styled-jsx@https://registry.npmjs.org/styled-jsx/-/styled-jsx-5.1.6.tgz. Extracting by manifest.
349 silly tarball no local data for standard-as-callback@https://registry.npmjs.org/standard-as-callback/-/standard-as-callback-2.1.0.tgz. Extracting by manifest.
350 silly tarball no local data for source-map-js@https://registry.npmjs.org/source-map-js/-/source-map-js-1.2.2.tgz. Extracting by manifest.
351 silly tarball no local data for socket.io@https://registry.npmjs.org/socket.io/-/socket.io-4.8.4.tgz. Extracting by manifest.
352 silly tarball no local data for socket.io-client@https://registry.npmjs.org/socket.io-client/-/socket.io-client-4.8.4.tgz. Extracting by manifest.
353 silly tarball no local data for side-channel-weakmap@https://registry.npmjs.org/side-channel-weakmap/-/side-channel-weakmap-1.0.2.tgz. Extracting by manifest.
354 silly tarball no local data for socket.io-parser@https://registry.npmjs.org/socket.io-parser/-/socket.io-parser-4.2.7.tgz. Extracting by manifest.
355 silly tarball no local data for side-channel-list@https://registry.npmjs.org/side-channel-list/-/side-channel-list-1.0.1.tgz. Extracting by manifest.
356 silly tarball no local data for socket.io-adapter@https://registry.npmjs.org/socket.io-adapter/-/socket.io-adapter-2.5.8.tgz. Extracting by manifest.
357 silly tarball no local data for side-channel@https://registry.npmjs.org/side-channel/-/side-channel-1.1.1.tgz. Extracting by manifest.
358 silly tarball no local data for side-channel-map@https://registry.npmjs.org/side-channel-map/-/side-channel-map-1.0.1.tgz. Extracting by manifest.
359 silly tarball no local data for setprototypeof@https://registry.npmjs.org/setprototypeof/-/setprototypeof-1.2.0.tgz. Extracting by manifest.
360 silly tarball no local data for sharp@https://registry.npmjs.org/sharp/-/sharp-0.35.5.tgz. Extracting by manifest.
361 silly tarball no local data for semver@https://registry.npmjs.org/semver/-/semver-7.8.5.tgz. Extracting by manifest.
362 silly tarball no local data for send@https://registry.npmjs.org/send/-/send-0.19.2.tgz. Extracting by manifest.
363 silly tarball no local data for safe-buffer@https://registry.npmjs.org/safe-buffer/-/safe-buffer-5.2.1.tgz. Extracting by manifest.
364 silly tarball no local data for scheduler@https://registry.npmjs.org/scheduler/-/scheduler-0.28.0.tgz. Extracting by manifest.
365 silly tarball no local data for serve-static@https://registry.npmjs.org/serve-static/-/serve-static-1.16.3.tgz. Extracting by manifest.
366 silly tarball no local data for safer-buffer@https://registry.npmjs.org/safer-buffer/-/safer-buffer-2.1.2.tgz. Extracting by manifest.
367 silly tarball no local data for redis-parser@https://registry.npmjs.org/redis-parser/-/redis-parser-3.0.0.tgz. Extracting by manifest.
368 silly tarball no local data for redis-errors@https://registry.npmjs.org/redis-errors/-/redis-errors-1.2.0.tgz. Extracting by manifest.
369 silly tarball no local data for readdirp@https://registry.npmjs.org/readdirp/-/readdirp-4.1.2.tgz. Extracting by manifest.
370 silly tarball no local data for react-leaflet@https://registry.npmjs.org/react-leaflet/-/react-leaflet-5.0.0.tgz. Extracting by manifest.
371 silly tarball no local data for rc9@https://registry.npmjs.org/rc9/-/rc9-2.1.2.tgz. Extracting by manifest.
372 silly tarball no local data for raw-body@https://registry.npmjs.org/raw-body/-/raw-body-2.5.3.tgz. Extracting by manifest.
373 silly tarball no local data for react@https://registry.npmjs.org/react/-/react-19.3.0.tgz. Extracting by manifest.
374 silly tarball no local data for react-dom@https://registry.npmjs.org/react-dom/-/react-dom-19.3.0.tgz. Extracting by manifest.
375 silly tarball no local data for range-parser@https://registry.npmjs.org/range-parser/-/range-parser-1.2.1.tgz. Extracting by manifest.
376 silly tarball no local data for pure-rand@https://registry.npmjs.org/pure-rand/-/pure-rand-6.1.0.tgz. Extracting by manifest.
377 silly tarball no local data for qs@https://registry.npmjs.org/qs/-/qs-6.16.0.tgz. Extracting by manifest.
378 silly tarball no local data for proxy-addr@https://registry.npmjs.org/proxy-addr/-/proxy-addr-2.0.8.tgz. Extracting by manifest.
379 silly tarball no local data for prisma@https://registry.npmjs.org/prisma/-/prisma-6.19.3.tgz. Extracting by manifest.
380 silly tarball no local data for postcss@https://registry.npmjs.org/postcss/-/postcss-8.4.31.tgz. Extracting by manifest.
381 silly tarball no local data for pkg-types@https://registry.npmjs.org/pkg-types/-/pkg-types-2.3.3.tgz. Extracting by manifest.
382 silly tarball no local data for picocolors@https://registry.npmjs.org/picocolors/-/picocolors-1.1.1.tgz. Extracting by manifest.
383 silly tarball no local data for path-to-regexp@https://registry.npmjs.org/path-to-regexp/-/path-to-regexp-0.1.13.tgz. Extracting by manifest.
384 silly tarball no local data for pathe@https://registry.npmjs.org/pathe/-/pathe-2.0.3.tgz. Extracting by manifest.
385 silly tarball no local data for perfect-debounce@https://registry.npmjs.org/perfect-debounce/-/perfect-debounce-1.0.0.tgz. Extracting by manifest.
386 silly tarball no local data for parseurl@https://registry.npmjs.org/parseurl/-/parseurl-1.3.3.tgz. Extracting by manifest.
387 silly tarball no local data for object-inspect@https://registry.npmjs.org/object-inspect/-/object-inspect-1.13.4.tgz. Extracting by manifest.
388 silly tarball no local data for ohash@https://registry.npmjs.org/ohash/-/ohash-2.0.12.tgz. Extracting by manifest.
389 silly tarball no local data for on-finished@https://registry.npmjs.org/on-finished/-/on-finished-2.4.1.tgz. Extracting by manifest.
390 silly tarball no local data for object-assign@https://registry.npmjs.org/object-assign/-/object-assign-4.1.1.tgz. Extracting by manifest.
391 silly tarball no local data for nypm@https://registry.npmjs.org/nypm/-/nypm-0.6.10.tgz. Extracting by manifest.
392 silly tarball no local data for next@https://registry.npmjs.org/next/-/next-15.5.27.tgz. Extracting by manifest.
393 silly tarball no local data for node-fetch-native@https://registry.npmjs.org/node-fetch-native/-/node-fetch-native-1.6.7.tgz. Extracting by manifest.
394 silly tarball no local data for negotiator@https://registry.npmjs.org/negotiator/-/negotiator-0.6.3.tgz. Extracting by manifest.
395 silly tarball no local data for nanoid@https://registry.npmjs.org/nanoid/-/nanoid-3.3.19.tgz. Extracting by manifest.
396 silly tarball no local data for mime-types@https://registry.npmjs.org/mime-types/-/mime-types-2.1.35.tgz. Extracting by manifest.
397 silly tarball no local data for ms@https://registry.npmjs.org/ms/-/ms-2.0.0.tgz. Extracting by manifest.
398 silly tarball no local data for mime@https://registry.npmjs.org/mime/-/mime-1.6.0.tgz. Extracting by manifest.
399 silly tarball no local data for mime-db@https://registry.npmjs.org/mime-db/-/mime-db-1.52.0.tgz. Extracting by manifest.
400 silly tarball no local data for methods@https://registry.npmjs.org/methods/-/methods-1.1.2.tgz. Extracting by manifest.
401 silly tarball no local data for merge-descriptors@https://registry.npmjs.org/merge-descriptors/-/merge-descriptors-1.0.3.tgz. Extracting by manifest.
402 silly tarball no local data for media-typer@https://registry.npmjs.org/media-typer/-/media-typer-0.3.0.tgz. Extracting by manifest.
403 silly tarball no local data for math-intrinsics@https://registry.npmjs.org/math-intrinsics/-/math-intrinsics-1.1.0.tgz. Extracting by manifest.
404 silly tarball no local data for lodash.once@https://registry.npmjs.org/lodash.once/-/lodash.once-4.1.1.tgz. Extracting by manifest.
405 silly tarball no local data for lodash.isstring@https://registry.npmjs.org/lodash.isstring/-/lodash.isstring-4.0.1.tgz. Extracting by manifest.
406 silly tarball no local data for lucide-react@https://registry.npmjs.org/lucide-react/-/lucide-react-0.468.0.tgz. Extracting by manifest.
407 silly tarball no local data for lodash.isnumber@https://registry.npmjs.org/lodash.isnumber/-/lodash.isnumber-3.0.3.tgz. Extracting by manifest.
408 silly tarball no local data for lodash.isinteger@https://registry.npmjs.org/lodash.isinteger/-/lodash.isinteger-4.0.4.tgz. Extracting by manifest.
409 silly tarball no local data for lodash.isplainobject@https://registry.npmjs.org/lodash.isplainobject/-/lodash.isplainobject-4.0.6.tgz. Extracting by manifest.
410 silly tarball no local data for lodash.isboolean@https://registry.npmjs.org/lodash.isboolean/-/lodash.isboolean-3.0.3.tgz. Extracting by manifest.
411 silly tarball no local data for leaflet@https://registry.npmjs.org/leaflet/-/leaflet-1.9.4.tgz. Extracting by manifest.
412 silly tarball no local data for jwa@https://registry.npmjs.org/jwa/-/jwa-2.0.1.tgz. Extracting by manifest.
413 silly tarball no local data for lodash.includes@https://registry.npmjs.org/lodash.includes/-/lodash.includes-4.3.0.tgz. Extracting by manifest.
414 silly tarball no local data for jws@https://registry.npmjs.org/jws/-/jws-4.0.1.tgz. Extracting by manifest.
415 silly tarball no local data for jiti@https://registry.npmjs.org/jiti/-/jiti-2.7.0.tgz. Extracting by manifest.
416 silly tarball no local data for jsonwebtoken@https://registry.npmjs.org/jsonwebtoken/-/jsonwebtoken-9.0.3.tgz. Extracting by manifest.
417 silly tarball no local data for ipaddr.js@https://registry.npmjs.org/ipaddr.js/-/ipaddr.js-1.9.1.tgz. Extracting by manifest.
418 silly tarball no local data for ioredis@https://registry.npmjs.org/ioredis/-/ioredis-5.11.1.tgz. Extracting by manifest.
419 silly tarball no local data for iconv-lite@https://registry.npmjs.org/iconv-lite/-/iconv-lite-0.4.24.tgz. Extracting by manifest.
420 silly tarball no local data for inherits@https://registry.npmjs.org/inherits/-/inherits-2.0.4.tgz. Extracting by manifest.
421 silly tarball no local data for helmet@https://registry.npmjs.org/helmet/-/helmet-8.3.0.tgz. Extracting by manifest.
422 silly tarball no local data for http-errors@https://registry.npmjs.org/http-errors/-/http-errors-2.0.1.tgz. Extracting by manifest.
423 silly tarball no local data for has-symbols@https://registry.npmjs.org/has-symbols/-/has-symbols-1.1.0.tgz. Extracting by manifest.
424 silly tarball no local data for gopd@https://registry.npmjs.org/gopd/-/gopd-1.2.0.tgz. Extracting by manifest.
425 silly tarball no local data for giget@https://registry.npmjs.org/giget/-/giget-2.0.0.tgz. Extracting by manifest.
426 silly tarball no local data for hasown@https://registry.npmjs.org/hasown/-/hasown-2.0.4.tgz. Extracting by manifest.
427 silly tarball no local data for get-proto@https://registry.npmjs.org/get-proto/-/get-proto-1.0.1.tgz. Extracting by manifest.
428 silly tarball no local data for fresh@https://registry.npmjs.org/fresh/-/fresh-0.5.2.tgz. Extracting by manifest.
429 silly tarball no local data for get-intrinsic@https://registry.npmjs.org/get-intrinsic/-/get-intrinsic-1.3.0.tgz. Extracting by manifest.
430 silly tarball no local data for function-bind@https://registry.npmjs.org/function-bind/-/function-bind-1.1.2.tgz. Extracting by manifest.
431 silly tarball no local data for fast-check@https://registry.npmjs.org/fast-check/-/fast-check-3.23.2.tgz. Extracting by manifest.
432 silly tarball no local data for forwarded@https://registry.npmjs.org/forwarded/-/forwarded-0.2.0.tgz. Extracting by manifest.
433 silly tarball no local data for finalhandler@https://registry.npmjs.org/finalhandler/-/finalhandler-1.3.2.tgz. Extracting by manifest.
434 silly tarball no local data for express@https://registry.npmjs.org/express/-/express-4.22.3.tgz. Extracting by manifest.
435 silly tarball no local data for exsolve@https://registry.npmjs.org/exsolve/-/exsolve-1.1.3.tgz. Extracting by manifest.
436 silly tarball no local data for escape-html@https://registry.npmjs.org/escape-html/-/escape-html-1.0.3.tgz. Extracting by manifest.
437 silly tarball no local data for etag@https://registry.npmjs.org/etag/-/etag-1.8.1.tgz. Extracting by manifest.
438 silly tarball no local data for esbuild@https://registry.npmjs.org/esbuild/-/esbuild-0.28.2.tgz. Extracting by manifest.
439 silly tarball no local data for engine.io-parser@https://registry.npmjs.org/engine.io-parser/-/engine.io-parser-5.2.3.tgz. Extracting by manifest.
440 silly tarball no local data for es-define-property@https://registry.npmjs.org/es-define-property/-/es-define-property-1.0.1.tgz. Extracting by manifest.
441 silly tarball no local data for es-errors@https://registry.npmjs.org/es-errors/-/es-errors-1.3.0.tgz. Extracting by manifest.
442 silly tarball no local data for es-object-atoms@https://registry.npmjs.org/es-object-atoms/-/es-object-atoms-1.1.2.tgz. Extracting by manifest.
443 silly tarball no local data for engine.io@https://registry.npmjs.org/engine.io/-/engine.io-6.6.11.tgz. Extracting by manifest.
444 silly tarball no local data for engine.io-client@https://registry.npmjs.org/engine.io-client/-/engine.io-client-6.6.7.tgz. Extracting by manifest.
445 silly tarball no local data for encodeurl@https://registry.npmjs.org/encodeurl/-/encodeurl-2.0.0.tgz. Extracting by manifest.
446 silly tarball no local data for empathic@https://registry.npmjs.org/empathic/-/empathic-2.0.0.tgz. Extracting by manifest.
447 silly tarball no local data for effect@https://registry.npmjs.org/effect/-/effect-3.21.0.tgz. Extracting by manifest.
448 silly tarball no local data for dunder-proto@https://registry.npmjs.org/dunder-proto/-/dunder-proto-1.0.1.tgz. Extracting by manifest.
449 silly tarball no local data for ee-first@https://registry.npmjs.org/ee-first/-/ee-first-1.1.1.tgz. Extracting by manifest.
450 silly tarball no local data for ecdsa-sig-formatter@https://registry.npmjs.org/ecdsa-sig-formatter/-/ecdsa-sig-formatter-1.0.11.tgz. Extracting by manifest.
451 silly tarball no local data for destroy@https://registry.npmjs.org/destroy/-/destroy-1.2.0.tgz. Extracting by manifest.
452 silly tarball no local data for dotenv@https://registry.npmjs.org/dotenv/-/dotenv-16.6.1.tgz. Extracting by manifest.
453 silly tarball no local data for detect-libc@https://registry.npmjs.org/detect-libc/-/detect-libc-2.1.2.tgz. Extracting by manifest.
454 silly tarball no local data for destr@https://registry.npmjs.org/destr/-/destr-2.0.5.tgz. Extracting by manifest.
455 silly tarball no local data for depd@https://registry.npmjs.org/depd/-/depd-2.0.0.tgz. Extracting by manifest.
456 silly tarball no local data for denque@https://registry.npmjs.org/denque/-/denque-2.1.0.tgz. Extracting by manifest.
457 silly tarball no local data for deepmerge-ts@https://registry.npmjs.org/deepmerge-ts/-/deepmerge-ts-7.1.5.tgz. Extracting by manifest.
458 silly tarball no local data for defu@https://registry.npmjs.org/defu/-/defu-6.1.7.tgz. Extracting by manifest.
459 silly tarball no local data for debug@https://registry.npmjs.org/debug/-/debug-2.6.9.tgz. Extracting by manifest.
460 silly tarball no local data for cors@https://registry.npmjs.org/cors/-/cors-2.8.6.tgz. Extracting by manifest.
461 silly tarball no local data for cookie-signature@https://registry.npmjs.org/cookie-signature/-/cookie-signature-1.0.7.tgz. Extracting by manifest.
462 silly tarball no local data for csstype@https://registry.npmjs.org/csstype/-/csstype-3.2.3.tgz. Extracting by manifest.
463 silly tarball no local data for content-type@https://registry.npmjs.org/content-type/-/content-type-1.0.5.tgz. Extracting by manifest.
464 silly tarball no local data for cookie@https://registry.npmjs.org/cookie/-/cookie-0.7.2.tgz. Extracting by manifest.
465 silly tarball no local data for content-disposition@https://registry.npmjs.org/content-disposition/-/content-disposition-0.5.4.tgz. Extracting by manifest.
466 http cache debug@https://registry.npmjs.org/debug/-/debug-4.4.3.tgz 0ms (cache hit)
467 silly tarball no local data for consola@https://registry.npmjs.org/consola/-/consola-3.4.2.tgz. Extracting by manifest.
468 silly tarball no local data for client-only@https://registry.npmjs.org/client-only/-/client-only-0.0.1.tgz. Extracting by manifest.
469 silly tarball no local data for cluster-key-slot@https://registry.npmjs.org/cluster-key-slot/-/cluster-key-slot-1.1.1.tgz. Extracting by manifest.
470 silly tarball no local data for citty@https://registry.npmjs.org/citty/-/citty-0.1.6.tgz. Extracting by manifest.
471 silly tarball no local data for chokidar@https://registry.npmjs.org/chokidar/-/chokidar-4.0.3.tgz. Extracting by manifest.
472 silly tarball no local data for caniuse-lite@https://registry.npmjs.org/caniuse-lite/-/caniuse-lite-1.0.30001814.tgz. Extracting by manifest.
473 silly tarball no local data for call-bound@https://registry.npmjs.org/call-bound/-/call-bound-1.0.4.tgz. Extracting by manifest.
474 silly tarball no local data for bytes@https://registry.npmjs.org/bytes/-/bytes-3.1.2.tgz. Extracting by manifest.
475 silly tarball no local data for c12@https://registry.npmjs.org/c12/-/c12-3.1.0.tgz. Extracting by manifest.
476 silly tarball no local data for buffer-equal-constant-time@https://registry.npmjs.org/buffer-equal-constant-time/-/buffer-equal-constant-time-1.0.1.tgz. Extracting by manifest.
477 silly tarball no local data for call-bind-apply-helpers@https://registry.npmjs.org/call-bind-apply-helpers/-/call-bind-apply-helpers-1.0.2.tgz. Extracting by manifest.
478 silly tarball no local data for body-parser@https://registry.npmjs.org/body-parser/-/body-parser-1.20.8.tgz. Extracting by manifest.
479 silly tarball no local data for bcryptjs@https://registry.npmjs.org/bcryptjs/-/bcryptjs-2.4.3.tgz. Extracting by manifest.
480 silly tarball no local data for confbox@https://registry.npmjs.org/confbox/-/confbox-0.2.4.tgz. Extracting by manifest.
481 silly tarball no local data for array-flatten@https://registry.npmjs.org/array-flatten/-/array-flatten-1.1.1.tgz. Extracting by manifest.
482 silly tarball no local data for @types/react-dom@https://registry.npmjs.org/@types/react-dom/-/react-dom-19.3.0.tgz. Extracting by manifest.
483 silly tarball no local data for @types/send@https://registry.npmjs.org/@types/send/-/send-1.2.1.tgz. Extracting by manifest.
484 silly tarball no local data for @types/ws@https://registry.npmjs.org/@types/ws/-/ws-8.18.2.tgz. Extracting by manifest.
485 silly tarball no local data for @types/serve-static@https://registry.npmjs.org/@types/serve-static/-/serve-static-2.2.0.tgz. Extracting by manifest.
486 silly tarball no local data for @types/react@https://registry.npmjs.org/@types/react/-/react-19.3.0.tgz. Extracting by manifest.
487 silly tarball no local data for accepts@https://registry.npmjs.org/accepts/-/accepts-1.3.8.tgz. Extracting by manifest.
488 silly tarball no local data for @types/range-parser@https://registry.npmjs.org/@types/range-parser/-/range-parser-1.2.7.tgz. Extracting by manifest.
489 silly tarball no local data for @types/qs@https://registry.npmjs.org/@types/qs/-/qs-6.15.1.tgz. Extracting by manifest.
490 silly tarball no local data for @types/node@https://registry.npmjs.org/@types/node/-/node-22.20.5.tgz. Extracting by manifest.
491 silly tarball no local data for @types/leaflet@https://registry.npmjs.org/@types/leaflet/-/leaflet-1.9.22.tgz. Extracting by manifest.
492 silly tarball no local data for @types/http-errors@https://registry.npmjs.org/@types/http-errors/-/http-errors-2.0.5.tgz. Extracting by manifest.
493 silly tarball no local data for @types/jsonwebtoken@https://registry.npmjs.org/@types/jsonwebtoken/-/jsonwebtoken-9.0.10.tgz. Extracting by manifest.
494 silly tarball no local data for @types/express-serve-static-core@https://registry.npmjs.org/@types/express-serve-static-core/-/express-serve-static-core-5.1.3.tgz. Extracting by manifest.
495 silly tarball no local data for @types/express@https://registry.npmjs.org/@types/express/-/express-5.0.6.tgz. Extracting by manifest.
496 silly tarball no local data for @types/geojson@https://registry.npmjs.org/@types/geojson/-/geojson-7946.0.16.tgz. Extracting by manifest.
497 silly tarball no local data for @types/cors@https://registry.npmjs.org/@types/cors/-/cors-2.8.19.tgz. Extracting by manifest.
498 silly tarball no local data for @types/ms@https://registry.npmjs.org/@types/ms/-/ms-2.1.0.tgz. Extracting by manifest.
499 silly tarball no local data for @standard-schema/spec@https://registry.npmjs.org/@standard-schema/spec/-/spec-1.1.0.tgz. Extracting by manifest.
500 silly tarball no local data for @types/connect@https://registry.npmjs.org/@types/connect/-/connect-3.4.38.tgz. Extracting by manifest.
501 silly tarball no local data for @types/body-parser@https://registry.npmjs.org/@types/body-parser/-/body-parser-1.19.6.tgz. Extracting by manifest.
502 silly tarball no local data for @types/bcryptjs@https://registry.npmjs.org/@types/bcryptjs/-/bcryptjs-2.4.6.tgz. Extracting by manifest.
503 silly tarball no local data for @socket.io/component-emitter@https://registry.npmjs.org/@socket.io/component-emitter/-/component-emitter-3.1.2.tgz. Extracting by manifest.
504 silly tarball no local data for @swc/helpers@https://registry.npmjs.org/@swc/helpers/-/helpers-0.5.15.tgz. Extracting by manifest.
505 silly tarball no local data for @react-leaflet/core@https://registry.npmjs.org/@react-leaflet/core/-/core-3.0.0.tgz. Extracting by manifest.
506 silly tarball no local data for @prisma/get-platform@https://registry.npmjs.org/@prisma/get-platform/-/get-platform-6.19.3.tgz. Extracting by manifest.
507 silly tarball no local data for @prisma/fetch-engine@https://registry.npmjs.org/@prisma/fetch-engine/-/fetch-engine-6.19.3.tgz. Extracting by manifest.
508 silly tarball no local data for @prisma/engines@https://registry.npmjs.org/@prisma/engines/-/engines-6.19.3.tgz. Extracting by manifest.
509 silly tarball no local data for @prisma/engines-version@https://registry.npmjs.org/@prisma/engines-version/-/engines-version-7.1.1-3.c2990dca591cba766e3b7ef5d9e8a84796e47ab7.tgz. Extracting by manifest.
510 silly tarball no local data for @prisma/config@https://registry.npmjs.org/@prisma/config/-/config-6.19.3.tgz. Extracting by manifest.
511 silly tarball no local data for @prisma/debug@https://registry.npmjs.org/@prisma/debug/-/debug-6.19.3.tgz. Extracting by manifest.
512 silly tarball no local data for @prisma/client@https://registry.npmjs.org/@prisma/client/-/client-6.19.3.tgz. Extracting by manifest.
513 silly tarball no local data for @next/env@https://registry.npmjs.org/@next/env/-/env-15.5.27.tgz. Extracting by manifest.
514 silly tarball no local data for @next/swc-win32-x64-msvc@https://registry.npmjs.org/@next/swc-win32-x64-msvc/-/swc-win32-x64-msvc-15.5.27.tgz. Extracting by manifest.
515 silly tarball no local data for @ioredis/commands@https://registry.npmjs.org/@ioredis/commands/-/commands-1.10.0.tgz. Extracting by manifest.
516 silly tarball no local data for @img/sharp-win32-x64@https://registry.npmjs.org/@img/sharp-win32-x64/-/sharp-win32-x64-0.35.5.tgz. Extracting by manifest.
517 silly tarball no local data for @img/colour@https://registry.npmjs.org/@img/colour/-/colour-1.1.0.tgz. Extracting by manifest.
518 silly tarball no local data for @esbuild/win32-x64@https://registry.npmjs.org/@esbuild/win32-x64/-/win32-x64-0.28.2.tgz. Extracting by manifest.
519 silly tarball no local data for @img/sharp-wasm32@https://registry.npmjs.org/@img/sharp-wasm32/-/sharp-wasm32-0.35.5.tgz. Extracting by manifest.
520 silly tarball no local data for @emnapi/runtime@https://registry.npmjs.org/@emnapi/runtime/-/runtime-1.11.3.tgz. Extracting by manifest.
521 silly tarball no local data for @google/generative-ai@https://registry.npmjs.org/@google/generative-ai/-/generative-ai-0.21.0.tgz. Extracting by manifest.
522 silly tarball no local data for debug@https://registry.npmjs.org/debug/-/debug-4.4.3.tgz. Extracting by manifest.
523 silly tarball no local data for ms@https://registry.npmjs.org/ms/-/ms-2.1.3.tgz. Extracting by manifest.
524 silly tarball no local data for debug@https://registry.npmjs.org/debug/-/debug-4.4.3.tgz. Extracting by manifest.
525 silly tarball no local data for ms@https://registry.npmjs.org/ms/-/ms-2.1.3.tgz. Extracting by manifest.
526 silly tarball no local data for ms@https://registry.npmjs.org/ms/-/ms-2.1.3.tgz. Extracting by manifest.
527 silly tarball no local data for ms@https://registry.npmjs.org/ms/-/ms-2.1.3.tgz. Extracting by manifest.
528 silly tarball no local data for debug@https://registry.npmjs.org/debug/-/debug-4.4.3.tgz. Extracting by manifest.
529 silly tarball no local data for ms@https://registry.npmjs.org/ms/-/ms-2.1.3.tgz. Extracting by manifest.
530 silly tarball no local data for confbox@https://registry.npmjs.org/confbox/-/confbox-0.3.1.tgz. Extracting by manifest.
531 silly tarball no local data for debug@https://registry.npmjs.org/debug/-/debug-4.4.3.tgz. Extracting by manifest.
532 silly tarball no local data for citty@https://registry.npmjs.org/citty/-/citty-0.2.2.tgz. Extracting by manifest.
533 silly tarball no local data for ms@https://registry.npmjs.org/ms/-/ms-2.1.3.tgz. Extracting by manifest.
534 silly tarball no local data for ms@https://registry.npmjs.org/ms/-/ms-2.1.3.tgz. Extracting by manifest.
535 silly tarball no local data for ms@https://registry.npmjs.org/ms/-/ms-2.1.3.tgz. Extracting by manifest.
536 silly tarball no local data for debug@https://registry.npmjs.org/debug/-/debug-4.4.3.tgz. Extracting by manifest.
537 http cache ms@https://registry.npmjs.org/ms/-/ms-2.1.3.tgz 0ms (cache hit)
538 http cache debug@https://registry.npmjs.org/debug/-/debug-4.4.3.tgz 0ms (cache hit)
539 silly tarball no local data for debug@https://registry.npmjs.org/debug/-/debug-4.4.3.tgz. Extracting by manifest.
540 silly tarball no local data for ms@https://registry.npmjs.org/ms/-/ms-2.1.3.tgz. Extracting by manifest.
541 silly tarball no local data for debug@https://registry.npmjs.org/debug/-/debug-4.4.3.tgz. Extracting by manifest.
542 verbose audit error FetchError: request to https://registry.npmjs.org/-/npm/v1/security/audits/quick failed, reason: 
542 verbose audit error     at ClientRequest.<anonymous> (C:\Program Files\nodejs\node_modules\npm\node_modules\minipass-fetch\lib\index.js:130:14)
542 verbose audit error     at ClientRequest.emit (node:events:518:28)
542 verbose audit error     at emitErrorEvent (node:_http_client:104:11)
542 verbose audit error     at _destroy (node:_http_client:898:9)
542 verbose audit error     at onSocketNT (node:_http_client:918:5)
542 verbose audit error     at process.processTicksAndRejections (node:internal/process/task_queues:91:21) {
542 verbose audit error   code: 'EACCES',
542 verbose audit error   errno: 'EACCES',
542 verbose audit error   type: 'system'
542 verbose audit error }
543 silly audit error undefined
544 silly audit report null
545 http fetch GET https://registry.npmjs.org/zod/-/zod-3.25.76.tgz attempt 1 failed with ETIMEDOUT
546 http fetch GET https://registry.npmjs.org/ws/-/ws-8.21.3.tgz attempt 1 failed with EACCES
547 http fetch GET https://registry.npmjs.org/xmlhttprequest-ssl/-/xmlhttprequest-ssl-2.1.2.tgz attempt 1 failed with EACCES
548 http fetch GET https://registry.npmjs.org/vary/-/vary-1.1.2.tgz attempt 1 failed with EACCES
549 http fetch GET https://registry.npmjs.org/utils-merge/-/utils-merge-1.0.1.tgz attempt 1 failed with EACCES
550 http fetch GET https://registry.npmjs.org/unpipe/-/unpipe-1.0.0.tgz attempt 1 failed with EACCES
551 http fetch GET https://registry.npmjs.org/undici-types/-/undici-types-6.21.0.tgz attempt 1 failed with EACCES
552 http fetch GET https://registry.npmjs.org/typescript/-/typescript-5.9.3.tgz attempt 1 failed with EACCES
553 http fetch GET https://registry.npmjs.org/type-is/-/type-is-1.6.18.tgz attempt 1 failed with EACCES
554 http fetch GET https://registry.npmjs.org/tsx/-/tsx-4.23.15.tgz attempt 1 failed with EACCES
555 http fetch GET https://registry.npmjs.org/tslib/-/tslib-2.8.1.tgz attempt 1 failed with EACCES
556 http fetch GET https://registry.npmjs.org/toidentifier/-/toidentifier-1.0.1.tgz attempt 1 failed with EACCES
557 http fetch GET https://registry.npmjs.org/tinyexec/-/tinyexec-1.3.1.tgz attempt 1 failed with EACCES
558 http fetch GET https://registry.npmjs.org/statuses/-/statuses-2.0.2.tgz attempt 1 failed with EACCES
559 http fetch GET https://registry.npmjs.org/npm attempt 2 failed with EACCES
560 http fetch GET https://registry.npmjs.org/zod/-/zod-3.25.76.tgz attempt 2 failed with EACCES
561 http fetch GET https://registry.npmjs.org/ws/-/ws-8.21.3.tgz attempt 2 failed with EACCES
562 http fetch GET https://registry.npmjs.org/xmlhttprequest-ssl/-/xmlhttprequest-ssl-2.1.2.tgz attempt 2 failed with EACCES
563 http fetch GET https://registry.npmjs.org/vary/-/vary-1.1.2.tgz attempt 2 failed with EACCES
564 http fetch GET https://registry.npmjs.org/utils-merge/-/utils-merge-1.0.1.tgz attempt 2 failed with EACCES
565 http fetch GET https://registry.npmjs.org/unpipe/-/unpipe-1.0.0.tgz attempt 2 failed with EACCES
566 http fetch GET https://registry.npmjs.org/undici-types/-/undici-types-6.21.0.tgz attempt 2 failed with EACCES
567 http fetch GET https://registry.npmjs.org/typescript/-/typescript-5.9.3.tgz attempt 2 failed with EACCES
568 http fetch GET https://registry.npmjs.org/type-is/-/type-is-1.6.18.tgz attempt 2 failed with EACCES
569 http fetch GET https://registry.npmjs.org/tsx/-/tsx-4.23.15.tgz attempt 2 failed with EACCES
570 http fetch GET https://registry.npmjs.org/tslib/-/tslib-2.8.1.tgz attempt 2 failed with EACCES
571 http fetch GET https://registry.npmjs.org/toidentifier/-/toidentifier-1.0.1.tgz attempt 2 failed with EACCES
572 http fetch GET https://registry.npmjs.org/tinyexec/-/tinyexec-1.3.1.tgz attempt 2 failed with EACCES
573 http fetch GET https://registry.npmjs.org/statuses/-/statuses-2.0.2.tgz attempt 2 failed with EACCES
574 http fetch GET https://registry.npmjs.org/npm attempt 3 failed with EACCES
575 http fetch GET https://registry.npmjs.org/zod/-/zod-3.25.76.tgz attempt 3 failed with EACCES
576 http fetch GET https://registry.npmjs.org/ws/-/ws-8.21.3.tgz attempt 3 failed with EACCES
577 http fetch GET https://registry.npmjs.org/xmlhttprequest-ssl/-/xmlhttprequest-ssl-2.1.2.tgz attempt 3 failed with EACCES
578 http fetch GET https://registry.npmjs.org/vary/-/vary-1.1.2.tgz attempt 3 failed with EACCES
579 http fetch GET https://registry.npmjs.org/utils-merge/-/utils-merge-1.0.1.tgz attempt 3 failed with EACCES
580 http fetch GET https://registry.npmjs.org/unpipe/-/unpipe-1.0.0.tgz attempt 3 failed with EACCES
581 http fetch GET https://registry.npmjs.org/undici-types/-/undici-types-6.21.0.tgz attempt 3 failed with EACCES
582 http fetch GET https://registry.npmjs.org/typescript/-/typescript-5.9.3.tgz attempt 3 failed with EACCES
583 http fetch GET https://registry.npmjs.org/type-is/-/type-is-1.6.18.tgz attempt 3 failed with EACCES
584 http fetch GET https://registry.npmjs.org/tsx/-/tsx-4.23.15.tgz attempt 3 failed with EACCES
585 http fetch GET https://registry.npmjs.org/tslib/-/tslib-2.8.1.tgz attempt 3 failed with EACCES
586 http fetch GET https://registry.npmjs.org/toidentifier/-/toidentifier-1.0.1.tgz attempt 3 failed with EACCES
587 http fetch GET https://registry.npmjs.org/tinyexec/-/tinyexec-1.3.1.tgz attempt 3 failed with EACCES
588 http fetch GET https://registry.npmjs.org/statuses/-/statuses-2.0.2.tgz attempt 3 failed with EACCES
589 verbose cwd C:\Users\sarth\Desktop\minor project\lifelink-platform
590 verbose os Windows_NT 10.0.26200
591 verbose node v22.14.0
592 verbose npm  v10.9.2
593 error Exit handler never called!
594 error This is an error with npm itself. Please report this error at:
595 error   <https://github.com/npm/cli/issues>
596 verbose exit 1
597 verbose code 1
598 error A complete log of this run can be found in: C:\Users\sarth\Desktop\minor project\.npm-cache\_logs\2026-10-04T20_19_43_744Z-debug-0.log
